Archive member included to satisfy reference by file (symbol)

/usr/lib/gcc/arm-none-eabi/9.2.1/../../../arm-none-eabi/lib/thumb/v7e-m+fp/hard/libc_nano.a(lib_a-atexit.o)
                              /usr/lib/gcc/arm-none-eabi/9.2.1/../../../arm-none-eabi/lib/thumb/v7e-m+fp/hard/crt0.o (atexit)
/usr/lib/gcc/arm-none-eabi/9.2.1/../../../arm-none-eabi/lib/thumb/v7e-m+fp/hard/libc_nano.a(lib_a-ctype_.o)
                              _build/nrf52840_xxaa/nrf_log_str_formatter.c.o (_ctype_)
/usr/lib/gcc/arm-none-eabi/9.2.1/../../../arm-none-eabi/lib/thumb/v7e-m+fp/hard/libc_nano.a(lib_a-exit.o)
                              /usr/lib/gcc/arm-none-eabi/9.2.1/../../../arm-none-eabi/lib/thumb/v7e-m+fp/hard/crt0.o (exit)
/usr/lib/gcc/arm-none-eabi/9.2.1/../../../arm-none-eabi/lib/thumb/v7e-m+fp/hard/libc_nano.a(lib_a-fini.o)
                              /usr/lib/gcc/arm-none-eabi/9.2.1/../../../arm-none-eabi/lib/thumb/v7e-m+fp/hard/crt0.o (__libc_fini_array)
/usr/lib/gcc/arm-none-eabi/9.2.1/../../../arm-none-eabi/lib/thumb/v7e-m+fp/hard/libc_nano.a(lib_a-impure.o)
                              /usr/lib/gcc/arm-none-eabi/9.2.1/../../../arm-none-eabi/lib/thumb/v7e-m+fp/hard/libc_nano.a(lib_a-exit.o) (_global_impure_ptr)
/usr/lib/gcc/arm-none-eabi/9.2.1/../../../arm-none-eabi/lib/thumb/v7e-m+fp/hard/libc_nano.a(lib_a-init.o)
                              /usr/lib/gcc/arm-none-eabi/9.2.1/../../../arm-none-eabi/lib/thumb/v7e-m+fp/hard/crt0.o (__libc_init_array)
/usr/lib/gcc/arm-none-eabi/9.2.1/../../../arm-none-eabi/lib/thumb/v7e-m+fp/hard/libc_nano.a(lib_a-memcpy.o)
                              _build/nrf52840_xxaa/nrfx_usbd.c.o (memcpy)
/usr/lib/gcc/arm-none-eabi/9.2.1/../../../arm-none-eabi/lib/thumb/v7e-m+fp/hard/libc_nano.a(lib_a-memset.o)
                              /usr/lib/gcc/arm-none-eabi/9.2.1/../../../arm-none-eabi/lib/thumb/v7e-m+fp/hard/crt0.o (memset)
/usr/lib/gcc/arm-none-eabi/9.2.1/../../../arm-none-eabi/lib/thumb/v7e-m+fp/hard/libc_nano.a(lib_a-snprintf.o)
                              _build/nrf52840_xxaa/app_usbd_serial_num.c.o (snprintf)
/usr/lib/gcc/arm-none-eabi/9.2.1/../../../arm-none-eabi/lib/thumb/v7e-m+fp/hard/libc_nano.a(lib_a-strlen.o)
                              _build/nrf52840_xxaa/nrf_log_frontend.c.o (strlen)
/usr/lib/gcc/arm-none-eabi/9.2.1/../../../arm-none-eabi/lib/thumb/v7e-m+fp/hard/libc_nano.a(lib_a-strncmp.o)
                              _build/nrf52840_xxaa/nrf_log_frontend.c.o (strncmp)
/usr/lib/gcc/arm-none-eabi/9.2.1/../../../arm-none-eabi/lib/thumb/v7e-m+fp/hard/libc_nano.a(lib_a-__atexit.o)
                              /usr/lib/gcc/arm-none-eabi/9.2.1/../../../arm-none-eabi/lib/thumb/v7e-m+fp/hard/libc_nano.a(lib_a-atexit.o) (__register_exitproc)
/usr/lib/gcc/arm-none-eabi/9.2.1/../../../arm-none-eabi/lib/thumb/v7e-m+fp/hard/libc_nano.a(lib_a-__call_atexit.o)
                              /usr/lib/gcc/arm-none-eabi/9.2.1/../../../arm-none-eabi/lib/thumb/v7e-m+fp/hard/libc_nano.a(lib_a-__atexit.o) (__call_exitprocs)
/usr/lib/gcc/arm-none-eabi/9.2.1/../../../arm-none-eabi/lib/thumb/v7e-m+fp/hard/libc_nano.a(lib_a-nano-svfprintf.o)
                              /usr/lib/gcc/arm-none-eabi/9.2.1/../../../arm-none-eabi/lib/thumb/v7e-m+fp/hard/libc_nano.a(lib_a-snprintf.o) (_svfprintf_r)
/usr/lib/gcc/arm-none-eabi/9.2.1/../../../arm-none-eabi/lib/thumb/v7e-m+fp/hard/libc_nano.a(lib_a-nano-vfprintf_i.o)
                              /usr/lib/gcc/arm-none-eabi/9.2.1/../../../arm-none-eabi/lib/thumb/v7e-m+fp/hard/libc_nano.a(lib_a-nano-svfprintf.o) (_printf_i)
/usr/lib/gcc/arm-none-eabi/9.2.1/../../../arm-none-eabi/lib/thumb/v7e-m+fp/hard/libc_nano.a(lib_a-memchr.o)
                              /usr/lib/gcc/arm-none-eabi/9.2.1/../../../arm-none-eabi/lib/thumb/v7e-m+fp/hard/libc_nano.a(lib_a-nano-svfprintf.o) (memchr)
/usr/lib/gcc/arm-none-eabi/9.2.1/../../../arm-none-eabi/lib/thumb/v7e-m+fp/hard/libc_nano.a(lib_a-memmove.o)
                              /usr/lib/gcc/arm-none-eabi/9.2.1/../../../arm-none-eabi/lib/thumb/v7e-m+fp/hard/libc_nano.a(lib_a-nano-svfprintf.o) (memmove)
/usr/lib/gcc/arm-none-eabi/9.2.1/../../../arm-none-eabi/lib/thumb/v7e-m+fp/hard/libc_nano.a(lib_a-nano-freer.o)
                              /usr/lib/gcc/arm-none-eabi/9.2.1/../../../arm-none-eabi/lib/thumb/v7e-m+fp/hard/libc_nano.a(lib_a-nano-svfprintf.o) (_free_r)
/usr/lib/gcc/arm-none-eabi/9.2.1/../../../arm-none-eabi/lib/thumb/v7e-m+fp/hard/libc_nano.a(lib_a-nano-mallocr.o)
                              /usr/lib/gcc/arm-none-eabi/9.2.1/../../../arm-none-eabi/lib/thumb/v7e-m+fp/hard/libc_nano.a(lib_a-nano-svfprintf.o) (_malloc_r)
/usr/lib/gcc/arm-none-eabi/9.2.1/../../../arm-none-eabi/lib/thumb/v7e-m+fp/hard/libc_nano.a(lib_a-nano-reallocr.o)
                              /usr/lib/gcc/arm-none-eabi/9.2.1/../../../arm-none-eabi/lib/thumb/v7e-m+fp/hard/libc_nano.a(lib_a-nano-svfprintf.o) (_realloc_r)
[...]
Memory Configuration

Name             Origin             Length             Attributes
FLASH            0x000000000001c000 0x0000000000064000 xr
RAM              0x0000000020001198 0x000000000001ee68 xrw
*default*        0x0000000000000000 0xffffffffffffffff

Linker script and memory map


.text           0x000000000001c000     0xade8
 *(.isr_vector)
 .isr_vector    0x000000000001c000      0x200 _build/nrf52840_xxaa/gcc_startup_nrf52840.S.o
                0x000000000001c000                __isr_vector
 *(.text*)
 .text          0x000000000001c200       0x88 /usr/lib/gcc/arm-none-eabi/9.2.1/thumb/v7e-m+fp/hard/crtbegin.o
 .text          0x000000000001c288       0x70 /usr/lib/gcc/arm-none-eabi/9.2.1/../../../arm-none-eabi/lib/thumb/v7e-m+fp/hard/crt0.o
                0x000000000001c288                _stack_init
                0x000000000001c290                _mainCRTStartup
                0x000000000001c290                _start
 .text          0x000000000001c2f8       0x3c _build/nrf52840_xxaa/gcc_startup_nrf52840.S.o
                0x000000000001c2f8                Reset_Handler
                0x000000000001c320                NMI_Handler
                0x000000000001c324                MemoryManagement_Handler
                0x000000000001c326                BusFault_Handler
                0x000000000001c328                UsageFault_Handler
                0x000000000001c32a                SVC_Handler
                0x000000000001c32c                DebugMon_Handler
                0x000000000001c32e                PendSV_Handler
                0x000000000001c330                SysTick_Handler
                0x000000000001c332                TIMER2_IRQHandler
                0x000000000001c332                RTC0_IRQHandler
                0x000000000001c332                SWI0_EGU0_IRQHandler
                0x000000000001c332                SWI2_EGU2_IRQHandler
                0x000000000001c332                PWM1_IRQHandler
                0x000000000001c332                RADIO_IRQHandler
                0x000000000001c332                PDM_IRQHandler
                0x000000000001c332                TEMP_IRQHandler
                0x000000000001c332                QDEC_IRQHandler
                0x000000000001c332                TIMER3_IRQHandler
                0x000000000001c332                PWM3_IRQHandler
                0x000000000001c332                FPU_IRQHandler
                0x000000000001c332                SPIM0_SPIS0_TWIM0_TWIS0_SPI0_TWI0_IRQHandler
                0x000000000001c332                TIMER4_IRQHandler
                0x000000000001c332                CRYPTOCELL_IRQHandler
                0x000000000001c332                I2S_IRQHandler
                0x000000000001c332                SWI4_EGU4_IRQHandler
                0x000000000001c332                TIMER0_IRQHandler
                0x000000000001c332                UARTE1_IRQHandler
                0x000000000001c332                TIMER1_IRQHandler
                0x000000000001c332                SPIM3_IRQHandler
                0x000000000001c332                PWM2_IRQHandler
                0x000000000001c332                ECB_IRQHandler
                0x000000000001c332                SPIM1_SPIS1_TWIM1_TWIS1_SPI1_TWI1_IRQHandler
                0x000000000001c332                Default_Handler
                0x000000000001c332                SAADC_IRQHandler
                0x000000000001c332                CCM_AAR_IRQHandler
                0x000000000001c332                WDT_IRQHandler
                0x000000000001c332                SWI5_EGU5_IRQHandler
                0x000000000001c332                RNG_IRQHandler
                0x000000000001c332                RTC2_IRQHandler
                0x000000000001c332                PWM0_IRQHandler
                0x000000000001c332                SWI3_EGU3_IRQHandler
                0x000000000001c332                SWI1_EGU1_IRQHandler
                0x000000000001c332                SPIM2_SPIS2_SPI2_IRQHandler
                0x000000000001c332                NFCT_IRQHandler
                0x000000000001c332                MWU_IRQHandler
                0x000000000001c332                QSPI_IRQHandler
                0x000000000001c332                COMP_LPCOMP_IRQHandler
 .text.clock_irq_handler
                0x000000000001c334       0x44 _build/nrf52840_xxaa/nrf_drv_clock.c.o
 .text.nrf_drv_clock_init_check
                0x000000000001c378        0xc _build/nrf52840_xxaa/nrf_drv_clock.c.o
                0x000000000001c378                nrf_drv_clock_init_check
 .text.nrf_drv_clock_init
                0x000000000001c384       0x44 _build/nrf52840_xxaa/nrf_drv_clock.c.o
                0x000000000001c384                nrf_drv_clock_init
 .text.nrf_drv_clock_lfclk_request
                0x000000000001c3c8       0x5c _build/nrf52840_xxaa/nrf_drv_clock.c.o
                0x000000000001c3c8                nrf_drv_clock_lfclk_request
 .text.nrf_drv_clock_lfclk_is_running
                0x000000000001c424       0x10 _build/nrf52840_xxaa/nrf_drv_clock.c.o
                0x000000000001c424                nrf_drv_clock_lfclk_is_running
 .text.nrf_drv_clock_hfclk_request
                0x000000000001c434       0x5c _build/nrf52840_xxaa/nrf_drv_clock.c.o
                0x000000000001c434                nrf_drv_clock_hfclk_request
 .text.nrf_drv_clock_hfclk_release
                0x000000000001c490       0x34 _build/nrf52840_xxaa/nrf_drv_clock.c.o
                0x000000000001c490                nrf_drv_clock_hfclk_release
 .text.nrf_drv_power_init
                0x000000000001c4c4       0x28 _build/nrf52840_xxaa/nrf_drv_power.c.o
                0x000000000001c4c4                nrf_drv_power_init
 .text.nrf_drv_power_usbevt_init
                0x000000000001c4ec       0x20 _build/nrf52840_xxaa/nrf_drv_power.c.o
                0x000000000001c4ec                nrf_drv_power_usbevt_init
 .text.nrfx_atomic_u32_fetch_and
                0x000000000001c50c       0x1c _build/nrf52840_xxaa/nrfx_atomic.c.o
                0x000000000001c50c                nrfx_atomic_u32_fetch_and
 .text.nrfx_clock_init
                0x000000000001c528       0x18 _build/nrf52840_xxaa/nrfx_clock.c.o
                0x000000000001c528                nrfx_clock_init
 .text.nrfx_clock_enable
                0x000000000001c540       0x2c _build/nrf52840_xxaa/nrfx_clock.c.o
                0x000000000001c540                nrfx_clock_enable
 .text.nrfx_clock_lfclk_start
                0x000000000001c56c       0x30 _build/nrf52840_xxaa/nrfx_clock.c.o
                0x000000000001c56c                nrfx_clock_lfclk_start
 .text.nrfx_clock_hfclk_start
                0x000000000001c59c       0x24 _build/nrf52840_xxaa/nrfx_clock.c.o
                0x000000000001c59c                nrfx_clock_hfclk_start
 .text.nrfx_clock_hfclk_stop
                0x000000000001c5c0       0x48 _build/nrf52840_xxaa/nrfx_clock.c.o
                0x000000000001c5c0                nrfx_clock_hfclk_stop
 .text.nrfx_clock_irq_handler
                0x000000000001c608       0x6c _build/nrf52840_xxaa/nrfx_clock.c.o
                0x000000000001c608                nrfx_clock_irq_handler
 .text.nrfx_power_init
                0x000000000001c674       0x4c _build/nrf52840_xxaa/nrfx_power.c.o
                0x000000000001c674                nrfx_power_init
 .text.nrfx_power_usbevt_init
                0x000000000001c6c0        0xc _build/nrf52840_xxaa/nrfx_power.c.o
                0x000000000001c6c0                nrfx_power_usbevt_init
 .text.nrfx_power_usbevt_enable
                0x000000000001c6cc       0x10 _build/nrf52840_xxaa/nrfx_power.c.o
                0x000000000001c6cc                nrfx_power_usbevt_enable
 .text.nrfx_power_usbevt_disable
                0x000000000001c6dc       0x10 _build/nrf52840_xxaa/nrfx_power.c.o
                0x000000000001c6dc                nrfx_power_usbevt_disable
 .text.nrfx_power_usbevt_uninit
                0x000000000001c6ec        0xc _build/nrf52840_xxaa/nrfx_power.c.o
                0x000000000001c6ec                nrfx_power_usbevt_uninit
 .text.nrfx_power_irq_handler
                0x000000000001c6f8       0xec _build/nrf52840_xxaa/nrfx_power.c.o
                0x000000000001c6f8                nrfx_power_irq_handler
 .text.POWER_CLOCK_IRQHandler
                0x000000000001c7e4       0x10 _build/nrf52840_xxaa/nrfx_power.c.o
                0x000000000001c7e4                POWER_CLOCK_IRQHandler
 .text.UARTE0_UART0_IRQHandler
                0x000000000001c7f4      0x1c4 _build/nrf52840_xxaa/nrfx_uart.c.o
                0x000000000001c7f4                UARTE0_UART0_IRQHandler
 .text.nrfx_usbd_consumer
                0x000000000001c9b8       0x38 _build/nrf52840_xxaa/nrfx_usbd.c.o
                0x000000000001c9b8                nrfx_usbd_consumer
 .text.nrfx_usbd_feeder_ram
                0x000000000001c9f0       0x28 _build/nrf52840_xxaa/nrfx_usbd.c.o
                0x000000000001c9f0                nrfx_usbd_feeder_ram
 .text.nrfx_usbd_feeder_ram_zlp
                0x000000000001ca18       0x28 _build/nrf52840_xxaa/nrfx_usbd.c.o
                0x000000000001ca18                nrfx_usbd_feeder_ram_zlp
 .text.ev_usbreset_handler
                0x000000000001ca40       0x34 _build/nrf52840_xxaa/nrfx_usbd.c.o
 .text.ev_started_handler
                0x000000000001ca74        0x4 _build/nrf52840_xxaa/nrfx_usbd.c.o
 .text.ev_sof_handler
                0x000000000001ca78       0x48 _build/nrf52840_xxaa/nrfx_usbd.c.o
 .text.nrfx_usbd_feeder_flash
                0x000000000001cac0       0x38 _build/nrf52840_xxaa/nrfx_usbd.c.o
                0x000000000001cac0                nrfx_usbd_feeder_flash
 .text.nrfx_usbd_feeder_flash_zlp
                0x000000000001caf8       0x40 _build/nrf52840_xxaa/nrfx_usbd.c.o
                0x000000000001caf8                nrfx_usbd_feeder_flash_zlp
 .text.ev_dma_epout0_handler
                0x000000000001cb38       0x80 _build/nrf52840_xxaa/nrfx_usbd.c.o
 .text.ev_usbevent_handler
                0x000000000001cbb8       0xb0 _build/nrf52840_xxaa/nrfx_usbd.c.o
 .text.ev_setup_data_handler
                0x000000000001cc68      0x124 _build/nrf52840_xxaa/nrfx_usbd.c.o
 .text.usbd_dmareq_process.part.0
                0x000000000001cd8c      0x23c _build/nrf52840_xxaa/nrfx_usbd.c.o
 .text.ev_dma_epout5_handler
                0x000000000001cfc8       0x7c _build/nrf52840_xxaa/nrfx_usbd.c.o
 .text.ev_dma_epout8_handler
                0x000000000001d044       0x68 _build/nrf52840_xxaa/nrfx_usbd.c.o
 .text.ev_dma_epin8_handler
                0x000000000001d0ac       0x7c _build/nrf52840_xxaa/nrfx_usbd.c.o
 .text.ev_dma_epin0_handler
                0x000000000001d128       0x44 _build/nrf52840_xxaa/nrfx_usbd.c.o
 .text.ev_dma_epin7_handler
                0x000000000001d16c       0x44 _build/nrf52840_xxaa/nrfx_usbd.c.o
 .text.ev_dma_epin1_handler
                0x000000000001d1b0       0x44 _build/nrf52840_xxaa/nrfx_usbd.c.o
 .text.ev_dma_epin2_handler
                0x000000000001d1f4       0x44 _build/nrf52840_xxaa/nrfx_usbd.c.o
 .text.ev_dma_epin3_handler
                0x000000000001d238       0x44 _build/nrf52840_xxaa/nrfx_usbd.c.o
 .text.ev_dma_epin4_handler
                0x000000000001d27c       0x44 _build/nrf52840_xxaa/nrfx_usbd.c.o
 .text.ev_dma_epin5_handler
                0x000000000001d2c0       0x44 _build/nrf52840_xxaa/nrfx_usbd.c.o
 .text.ev_dma_epin6_handler
                0x000000000001d304       0x44 _build/nrf52840_xxaa/nrfx_usbd.c.o
 .text.ev_dma_epout1_handler
                0x000000000001d348       0x78 _build/nrf52840_xxaa/nrfx_usbd.c.o
 .text.ev_dma_epout6_handler
                0x000000000001d3c0       0x78 _build/nrf52840_xxaa/nrfx_usbd.c.o
 .text.ev_dma_epout7_handler
                0x000000000001d438       0x7c _build/nrf52840_xxaa/nrfx_usbd.c.o
 .text.ev_dma_epout2_handler
                0x000000000001d4b4       0x7c _build/nrf52840_xxaa/nrfx_usbd.c.o
 .text.ev_dma_epout3_handler
                0x000000000001d530       0x7c _build/nrf52840_xxaa/nrfx_usbd.c.o
 .text.ev_dma_epout4_handler
                0x000000000001d5ac       0x7c _build/nrf52840_xxaa/nrfx_usbd.c.o
 .text.ev_epdata_handler
                0x000000000001d628      0x178 _build/nrf52840_xxaa/nrfx_usbd.c.o
 .text.ev_setup_handler
                0x000000000001d7a0      0x1c4 _build/nrf52840_xxaa/nrfx_usbd.c.o
 .text.nrfx_usbd_ep_abort
                0x000000000001d964      0x138 _build/nrf52840_xxaa/nrfx_usbd.c.o
                0x000000000001d964                nrfx_usbd_ep_abort
 .text.USBD_IRQHandler
                0x000000000001da9c       0xbc _build/nrf52840_xxaa/nrfx_usbd.c.o
                0x000000000001da9c                USBD_IRQHandler
 .text.nrfx_usbd_init
                0x000000000001db58      0x128 _build/nrf52840_xxaa/nrfx_usbd.c.o
                0x000000000001db58                nrfx_usbd_init
 .text.nrfx_usbd_uninit
                0x000000000001dc80       0x14 _build/nrf52840_xxaa/nrfx_usbd.c.o
                0x000000000001dc80                nrfx_usbd_uninit
 .text.nrfx_usbd_enable
                0x000000000001dc94      0x254 _build/nrf52840_xxaa/nrfx_usbd.c.o
                0x000000000001dc94                nrfx_usbd_enable
 .text.nrfx_usbd_disable
                0x000000000001dee8      0x228 _build/nrf52840_xxaa/nrfx_usbd.c.o
                0x000000000001dee8                nrfx_usbd_disable
 .text.nrfx_usbd_start
                0x000000000001e110       0x4c _build/nrf52840_xxaa/nrfx_usbd.c.o
                0x000000000001e110                nrfx_usbd_start
 .text.nrfx_usbd_stop
                0x000000000001e15c      0x1e8 _build/nrf52840_xxaa/nrfx_usbd.c.o
                0x000000000001e15c                nrfx_usbd_stop
 .text.nrfx_usbd_is_initialized
                0x000000000001e344       0x10 _build/nrf52840_xxaa/nrfx_usbd.c.o
                0x000000000001e344                nrfx_usbd_is_initialized
 .text.nrfx_usbd_is_enabled
                0x000000000001e354       0x14 _build/nrf52840_xxaa/nrfx_usbd.c.o
                0x000000000001e354                nrfx_usbd_is_enabled
 .text.nrfx_usbd_is_started
                0x000000000001e368       0x1c _build/nrf52840_xxaa/nrfx_usbd.c.o
                0x000000000001e368                nrfx_usbd_is_started
 .text.nrfx_usbd_suspend
                0x000000000001e384      0x1e8 _build/nrf52840_xxaa/nrfx_usbd.c.o
                0x000000000001e384                nrfx_usbd_suspend
 .text.nrfx_usbd_wakeup_req
                0x000000000001e56c       0x70 _build/nrf52840_xxaa/nrfx_usbd.c.o
                0x000000000001e56c                nrfx_usbd_wakeup_req
 .text.nrfx_usbd_suspend_irq_config
                0x000000000001e5dc       0x14 _build/nrf52840_xxaa/nrfx_usbd.c.o
                0x000000000001e5dc                nrfx_usbd_suspend_irq_config
 .text.nrfx_usbd_active_irq_config
                0x000000000001e5f0       0x14 _build/nrf52840_xxaa/nrfx_usbd.c.o
                0x000000000001e5f0                nrfx_usbd_active_irq_config
 .text.nrfx_usbd_force_bus_wakeup
                0x000000000001e604        0xc _build/nrf52840_xxaa/nrfx_usbd.c.o
                0x000000000001e604                nrfx_usbd_force_bus_wakeup
 .text.nrfx_usbd_ep_max_packet_size_get
                0x000000000001e610       0x20 _build/nrf52840_xxaa/nrfx_usbd.c.o
                0x000000000001e610                nrfx_usbd_ep_max_packet_size_get
 .text.nrfx_usbd_ep_enable_check
                0x000000000001e630       0x20 _build/nrf52840_xxaa/nrfx_usbd.c.o
                0x000000000001e630                nrfx_usbd_ep_enable_check
 .text.nrfx_usbd_ep_enable
                0x000000000001e650       0xd4 _build/nrf52840_xxaa/nrfx_usbd.c.o
                0x000000000001e650                nrfx_usbd_ep_enable
 .text.nrfx_usbd_ep_disable
                0x000000000001e724      0x198 _build/nrf52840_xxaa/nrfx_usbd.c.o
                0x000000000001e724                nrfx_usbd_ep_disable
 .text.nrfx_usbd_ep_transfer
                0x000000000001e8bc      0x124 _build/nrf52840_xxaa/nrfx_usbd.c.o
                0x000000000001e8bc                nrfx_usbd_ep_transfer
 .text.nrfx_usbd_ep_handled_transfer
                0x000000000001e9e0       0xb4 _build/nrf52840_xxaa/nrfx_usbd.c.o
                0x000000000001e9e0                nrfx_usbd_ep_handled_transfer
 .text.nrfx_usbd_feeder_buffer_get
                0x000000000001ea94        0x8 _build/nrf52840_xxaa/nrfx_usbd.c.o
                0x000000000001ea94                nrfx_usbd_feeder_buffer_get
 .text.nrfx_usbd_ep_stall
                0x000000000001ea9c       0x18 _build/nrf52840_xxaa/nrfx_usbd.c.o
                0x000000000001ea9c                nrfx_usbd_ep_stall
 .text.nrfx_usbd_ep_stall_clear
                0x000000000001eab4       0x70 _build/nrf52840_xxaa/nrfx_usbd.c.o
                0x000000000001eab4                nrfx_usbd_ep_stall_clear
 .text.nrfx_usbd_ep_stall_check
                0x000000000001eb24       0x44 _build/nrf52840_xxaa/nrfx_usbd.c.o
                0x000000000001eb24                nrfx_usbd_ep_stall_check
 .text.nrfx_usbd_ep_dtoggle_clear
                0x000000000001eb68       0x20 _build/nrf52840_xxaa/nrfx_usbd.c.o
                0x000000000001eb68                nrfx_usbd_ep_dtoggle_clear
 .text.nrfx_usbd_setup_get
                0x000000000001eb88       0x4c _build/nrf52840_xxaa/nrfx_usbd.c.o
                0x000000000001eb88                nrfx_usbd_setup_get
 .text.nrfx_usbd_setup_data_clear
                0x000000000001ebd4       0x14 _build/nrf52840_xxaa/nrfx_usbd.c.o
                0x000000000001ebd4                nrfx_usbd_setup_data_clear
 .text.nrfx_usbd_setup_clear
                0x000000000001ebe8       0x14 _build/nrf52840_xxaa/nrfx_usbd.c.o
                0x000000000001ebe8                nrfx_usbd_setup_clear
 .text.nrfx_usbd_setup_stall
                0x000000000001ebfc       0x14 _build/nrf52840_xxaa/nrfx_usbd.c.o
                0x000000000001ebfc                nrfx_usbd_setup_stall
 .text.nrfx_usbd_last_setup_dir_get
                0x000000000001ec10        0xc _build/nrf52840_xxaa/nrfx_usbd.c.o
                0x000000000001ec10                nrfx_usbd_last_setup_dir_get
 .text.SystemInit
                0x000000000001ec1c      0x254 _build/nrf52840_xxaa/system_nrf52840.c.o
                0x000000000001ec1c                SystemInit
 .text.nrf_log_init
                0x000000000001ee70       0xa0 _build/nrf52840_xxaa/nrf_log_frontend.c.o
                0x000000000001ee70                nrf_log_init
 .text.nrf_log_module_name_get
                0x000000000001ef10       0x48 _build/nrf52840_xxaa/nrf_log_frontend.c.o
                0x000000000001ef10                nrf_log_module_name_get
 .text.nrf_log_color_id_get
                0x000000000001ef58       0x2c _build/nrf52840_xxaa/nrf_log_frontend.c.o
                0x000000000001ef58                nrf_log_color_id_get
 .text.log_pending_hook
                0x000000000001ef84        0x4 _build/nrf52840_xxaa/nrf_log_frontend.c.o
                0x000000000001ef84                log_pending_hook
 .text.nrf_log_frontend_dequeue
                0x000000000001ef88      0x284 _build/nrf52840_xxaa/nrf_log_frontend.c.o
                0x000000000001ef88                nrf_log_frontend_dequeue
 .text.nrf_log_frontend_std_0
                0x000000000001f20c      0x184 _build/nrf52840_xxaa/nrf_log_frontend.c.o
                0x000000000001f20c                nrf_log_frontend_std_0
 .text.nrf_log_frontend_std_1
                0x000000000001f390      0x194 _build/nrf52840_xxaa/nrf_log_frontend.c.o
                0x000000000001f390                nrf_log_frontend_std_1
 .text.nrf_log_frontend_std_3
                0x000000000001f524      0x1b4 _build/nrf52840_xxaa/nrf_log_frontend.c.o
                0x000000000001f524                nrf_log_frontend_std_3
 .text.nrf_log_frontend_std_4
                0x000000000001f6d8      0x1cc _build/nrf52840_xxaa/nrf_log_frontend.c.o
                0x000000000001f6d8                nrf_log_frontend_std_4
 .text.nrf_log_backend_add
                0x000000000001f8a4       0xdc _build/nrf52840_xxaa/nrf_log_frontend.c.o
                0x000000000001f8a4                nrf_log_backend_add
 .text.nrf_log_panic
                0x000000000001f980       0x28 _build/nrf52840_xxaa/nrf_log_frontend.c.o
                0x000000000001f980                nrf_log_panic
 .text.prefix_process
                0x000000000001f9a8       0x80 _build/nrf52840_xxaa/nrf_log_str_formatter.c.o
 .text.nrf_log_std_entry_process
                0x000000000001fa28       0xf0 _build/nrf52840_xxaa/nrf_log_str_formatter.c.o
                0x000000000001fa28                nrf_log_std_entry_process
 .text.nrf_log_hexdump_entry_process
                0x000000000001fb18       0xfc _build/nrf52840_xxaa/nrf_log_str_formatter.c.o
                0x000000000001fb18                nrf_log_hexdump_entry_process
 .text.nrf_log_default_backends_init
                0x000000000001fc14       0x20 _build/nrf52840_xxaa/nrf_log_default_backends.c.o
                0x000000000001fc14                nrf_log_default_backends_init
 .text.nrf_log_backend_serial_put
                0x000000000001fc34       0xd8 _build/nrf52840_xxaa/nrf_log_backend_serial.c.o
                0x000000000001fc34                nrf_log_backend_serial_put
 .text.log_backend_usb_cdc_acm_ev_handler
                0x000000000001fd0c       0x2c _build/nrf52840_xxaa/nrf_log_backend_usb.c.o
 .text.log_backend_usb_flush
                0x000000000001fd38        0x4 _build/nrf52840_xxaa/nrf_log_backend_usb.c.o
 .text.log_backend_usb_panic_set
                0x000000000001fd3c       0x18 _build/nrf52840_xxaa/nrf_log_backend_usb.c.o
 .text.log_backend_usb_put
                0x000000000001fd54       0x2c _build/nrf52840_xxaa/nrf_log_backend_usb.c.o
 .text.log_backend_usbd_user_ev_handler
                0x000000000001fd80       0x48 _build/nrf52840_xxaa/nrf_log_backend_usb.c.o
 .text.usb_serial_tx
                0x000000000001fdc8       0x64 _build/nrf52840_xxaa/nrf_log_backend_usb.c.o
 .text.log_backend_usb_init
                0x000000000001fe2c       0x8c _build/nrf52840_xxaa/nrf_log_backend_usb.c.o
                0x000000000001fe2c                log_backend_usb_init
 .text.log_backend_usb_process
                0x000000000001feb8       0x18 _build/nrf52840_xxaa/nrf_log_backend_usb.c.o
                0x000000000001feb8                log_backend_usb_process
 .text.app_error_handler_bare
                0x000000000001fed0       0x20 _build/nrf52840_xxaa/app_error.c.o
                0x000000000001fed0                app_error_handler_bare
 .text.app_error_fault_handler
                0x000000000001fef0       0x94 _build/nrf52840_xxaa/app_error_weak.c.o
                0x000000000001fef0                app_error_fault_handler
 .text.compare_func
                0x000000000001ff84       0x18 _build/nrf52840_xxaa/app_timer2.c.o
 .text.rtc_irq  0x000000000001ff9c      0x394 _build/nrf52840_xxaa/app_timer2.c.o
 .text.app_timer_init
                0x0000000000020330       0x6c _build/nrf52840_xxaa/app_timer2.c.o
                0x0000000000020330                app_timer_init
 .text.app_timer_create
                0x000000000002039c       0x2c _build/nrf52840_xxaa/app_timer2.c.o
                0x000000000002039c                app_timer_create
 .text.app_timer_start
                0x00000000000203c8       0xb4 _build/nrf52840_xxaa/app_timer2.c.o
                0x00000000000203c8                app_timer_start
 .text.app_timer_stop
                0x000000000002047c       0x70 _build/nrf52840_xxaa/app_timer2.c.o
                0x000000000002047c                app_timer_stop
 .text.app_usbd_hfclk_ready
                0x00000000000204ec       0x64 _build/nrf52840_xxaa/app_usbd.c.o
 .text.app_usbd_event_handler
                0x0000000000020550       0xdc _build/nrf52840_xxaa/app_usbd.c.o
 .text.app_usbd_power_event_handler
                0x000000000002062c       0xe0 _build/nrf52840_xxaa/app_usbd.c.o
 .text.app_usbd_class_descriptor_find
                0x000000000002070c       0xb8 _build/nrf52840_xxaa/app_usbd.c.o
                0x000000000002070c                app_usbd_class_descriptor_find
 .text.app_usbd_init
                0x00000000000207c4      0x150 _build/nrf52840_xxaa/app_usbd.c.o
                0x00000000000207c4                app_usbd_init
 .text.app_usbd_power_events_enable
                0x0000000000020914       0x30 _build/nrf52840_xxaa/app_usbd.c.o
                0x0000000000020914                app_usbd_power_events_enable
 .text.app_usbd_enable
                0x0000000000020944        0x4 _build/nrf52840_xxaa/app_usbd.c.o
                0x0000000000020944                app_usbd_enable
 .text.app_usbd_disable
                0x0000000000020948        0x4 _build/nrf52840_xxaa/app_usbd.c.o
                0x0000000000020948                app_usbd_disable
 .text.app_usbd_start
                0x000000000002094c       0x7c _build/nrf52840_xxaa/app_usbd.c.o
                0x000000000002094c                app_usbd_start
 .text.app_usbd_stop
                0x00000000000209c8       0x64 _build/nrf52840_xxaa/app_usbd.c.o
                0x00000000000209c8                app_usbd_stop
 .text.app_usbd_class_append
                0x0000000000020a2c      0x11c _build/nrf52840_xxaa/app_usbd.c.o
                0x0000000000020a2c                app_usbd_class_append
 .text.app_usbd_class_remove
                0x0000000000020b48      0x12c _build/nrf52840_xxaa/app_usbd.c.o
                0x0000000000020b48                app_usbd_class_remove
 .text.app_usbd_class_rwu_enabled_check
                0x0000000000020c74       0x10 _build/nrf52840_xxaa/app_usbd.c.o
                0x0000000000020c74                app_usbd_class_rwu_enabled_check
 .text.app_usbd_ep_enable
                0x0000000000020c84       0x28 _build/nrf52840_xxaa/app_usbd.c.o
                0x0000000000020c84                app_usbd_ep_enable
 .text.app_usbd_ep_disable
                0x0000000000020cac        0x4 _build/nrf52840_xxaa/app_usbd.c.o
                0x0000000000020cac                app_usbd_ep_disable
 .text.app_usbd_class_first_get
                0x0000000000020cb0        0xc _build/nrf52840_xxaa/app_usbd.c.o
                0x0000000000020cb0                app_usbd_class_first_get
 .text.app_usbd_iface_find
                0x0000000000020cbc       0x40 _build/nrf52840_xxaa/app_usbd.c.o
                0x0000000000020cbc                app_usbd_iface_find
 .text.app_usbd_iface_call
                0x0000000000020cfc        0x8 _build/nrf52840_xxaa/app_usbd.c.o
                0x0000000000020cfc                app_usbd_iface_call
 .text.app_usbd_ep_call
                0x0000000000020d04       0x2c _build/nrf52840_xxaa/app_usbd.c.o
                0x0000000000020d04                app_usbd_ep_call
 .text.app_usbd_all_until_served_call
                0x0000000000020d30       0x2c _build/nrf52840_xxaa/app_usbd.c.o
                0x0000000000020d30                app_usbd_all_until_served_call
 .text.app_usbd_ep_transfer
                0x0000000000020d5c       0x28 _build/nrf52840_xxaa/app_usbd.c.o
                0x0000000000020d5c                app_usbd_ep_transfer
 .text.app_usbd_ep_handled_transfer
                0x0000000000020d84       0x28 _build/nrf52840_xxaa/app_usbd.c.o
                0x0000000000020d84                app_usbd_ep_handled_transfer
 .text.app_usbd_iface_select
                0x0000000000020dac       0x80 _build/nrf52840_xxaa/app_usbd.c.o
                0x0000000000020dac                app_usbd_iface_select
 .text.app_usbd_iface_selection_get
                0x0000000000020e2c        0xc _build/nrf52840_xxaa/app_usbd.c.o
                0x0000000000020e2c                app_usbd_iface_selection_get
 .text.app_usbd_all_iface_select_0
                0x0000000000020e38       0xb8 _build/nrf52840_xxaa/app_usbd.c.o
                0x0000000000020e38                app_usbd_all_iface_select_0
 .text.app_usbd_all_iface_deselect
                0x0000000000020ef0       0x84 _build/nrf52840_xxaa/app_usbd.c.o
                0x0000000000020ef0                app_usbd_all_iface_deselect
 .text.app_usbd_event_execute
                0x0000000000020f74      0x60c _build/nrf52840_xxaa/app_usbd.c.o
                0x0000000000020f74                app_usbd_event_execute
 .text.app_usbd_event_queue_process
                0x0000000000021580       0xb8 _build/nrf52840_xxaa/app_usbd.c.o
                0x0000000000021580                app_usbd_event_queue_process
 .text.cdc_acm_feed_descriptors
                0x0000000000021638      0xc34 _build/nrf52840_xxaa/app_usbd_cdc_acm.c.o
 .text.cdc_acm_req_out_data_cb
                0x000000000002226c       0x28 _build/nrf52840_xxaa/app_usbd_cdc_acm.c.o
 .text.cdc_acm_consumer
                0x0000000000022294       0x38 _build/nrf52840_xxaa/app_usbd_cdc_acm.c.o
 .text.cdc_acm_event_handler
                0x00000000000222cc      0x34c _build/nrf52840_xxaa/app_usbd_cdc_acm.c.o
 .text.app_usbd_cdc_acm_write
                0x0000000000022618       0x48 _build/nrf52840_xxaa/app_usbd_cdc_acm.c.o
                0x0000000000022618                app_usbd_cdc_acm_write
 .text.setup_data_handler_empty
                0x0000000000022660        0x4 _build/nrf52840_xxaa/app_usbd_core.c.o
 .text.usbd_descriptor_conf_feeder
                0x0000000000022664      0x128 _build/nrf52840_xxaa/app_usbd_core.c.o
 .text.app_usbd_core_ep0_enable
                0x000000000002278c       0x14 _build/nrf52840_xxaa/app_usbd_core.c.o
                0x000000000002278c                app_usbd_core_ep0_enable
 .text.app_usbd_core_ep0_disable
                0x00000000000227a0       0x14 _build/nrf52840_xxaa/app_usbd_core.c.o
                0x00000000000227a0                app_usbd_core_ep0_disable
 .text.app_usbd_core_setup_rsp
                0x00000000000227b4       0x88 _build/nrf52840_xxaa/app_usbd_core.c.o
                0x00000000000227b4                app_usbd_core_setup_rsp
 .text.app_usbd_core_event_handler
                0x000000000002283c      0x600 _build/nrf52840_xxaa/app_usbd_core.c.o
 .text.app_usbd_core_setup_data_handler_set
                0x0000000000022e3c       0x28 _build/nrf52840_xxaa/app_usbd_core.c.o
                0x0000000000022e3c                app_usbd_core_setup_data_handler_set
 .text.app_usbd_core_setup_transfer_buff_get
                0x0000000000022e64       0x10 _build/nrf52840_xxaa/app_usbd_core.c.o
                0x0000000000022e64                app_usbd_core_setup_transfer_buff_get
 .text.app_usbd_string_desc_get
                0x0000000000022e74       0x80 _build/nrf52840_xxaa/app_usbd_string_desc.c.o
                0x0000000000022e74                app_usbd_string_desc_get
 .text.app_usbd_serial_num_generate
                0x0000000000022ef4       0x50 _build/nrf52840_xxaa/app_usbd_serial_num.c.o
                0x0000000000022ef4                app_usbd_serial_num_generate
 .text.app_util_critical_region_enter
                0x0000000000022f44       0x10 _build/nrf52840_xxaa/app_util_platform.c.o
                0x0000000000022f44                app_util_critical_region_enter
 .text.app_util_critical_region_exit
                0x0000000000022f54       0x14 _build/nrf52840_xxaa/app_util_platform.c.o
                0x0000000000022f54                app_util_critical_region_exit
 .text.drv_rtc_init
                0x0000000000022f68       0xdc _build/nrf52840_xxaa/drv_rtc.c.o
                0x0000000000022f68                drv_rtc_init
 .text.drv_rtc_start
                0x0000000000023044        0x8 _build/nrf52840_xxaa/drv_rtc.c.o
                0x0000000000023044                drv_rtc_start
 .text.drv_rtc_stop
                0x000000000002304c        0x8 _build/nrf52840_xxaa/drv_rtc.c.o
                0x000000000002304c                drv_rtc_stop
 .text.drv_rtc_compare_set
                0x0000000000023054       0x4c _build/nrf52840_xxaa/drv_rtc.c.o
                0x0000000000023054                drv_rtc_compare_set
 .text.drv_rtc_windowed_compare_set
                0x00000000000230a0       0xf8 _build/nrf52840_xxaa/drv_rtc.c.o
                0x00000000000230a0                drv_rtc_windowed_compare_set
 .text.drv_rtc_overflow_enable
                0x0000000000023198       0x14 _build/nrf52840_xxaa/drv_rtc.c.o
                0x0000000000023198                drv_rtc_overflow_enable
 .text.drv_rtc_overflow_pending
                0x00000000000231ac       0x20 _build/nrf52840_xxaa/drv_rtc.c.o
                0x00000000000231ac                drv_rtc_overflow_pending
 .text.drv_rtc_compare_disable
                0x00000000000231cc       0x18 _build/nrf52840_xxaa/drv_rtc.c.o
                0x00000000000231cc                drv_rtc_compare_disable
 .text.drv_rtc_compare_pending
                0x00000000000231e4       0x20 _build/nrf52840_xxaa/drv_rtc.c.o
                0x00000000000231e4                drv_rtc_compare_pending
 .text.drv_rtc_counter_get
                0x0000000000023204        0x8 _build/nrf52840_xxaa/drv_rtc.c.o
                0x0000000000023204                drv_rtc_counter_get
 .text.drv_rtc_irq_trigger
                0x000000000002320c       0x24 _build/nrf52840_xxaa/drv_rtc.c.o
                0x000000000002320c                drv_rtc_irq_trigger
 .text.RTC1_IRQHandler
                0x0000000000023230       0x14 _build/nrf52840_xxaa/drv_rtc.c.o
                0x0000000000023230                RTC1_IRQHandler
 .text.HardFault_Handler
                0x0000000000023244       0x34 _build/nrf52840_xxaa/hardfault_handler_gcc.c.o
                0x0000000000023244                HardFault_Handler
 .text.HardFault_process
                0x0000000000023278       0x24 _build/nrf52840_xxaa/hardfault_implementation.c.o
                0x0000000000023278                HardFault_process
 .text.HardFault_c_handler
                0x000000000002329c      0x188 _build/nrf52840_xxaa/hardfault_implementation.c.o
                0x000000000002329c                HardFault_c_handler
 .text.nrf_atfifo_init
                0x0000000000023424       0x30 _build/nrf52840_xxaa/nrf_atfifo.c.o
                0x0000000000023424                nrf_atfifo_init
 .text.nrf_atfifo_item_alloc
                0x0000000000023454       0x5c _build/nrf52840_xxaa/nrf_atfifo.c.o
                0x0000000000023454                nrf_atfifo_item_alloc
 .text.nrf_atfifo_item_put
                0x00000000000234b0       0x20 _build/nrf52840_xxaa/nrf_atfifo.c.o
                0x00000000000234b0                nrf_atfifo_item_put
 .text.nrf_atfifo_item_get
                0x00000000000234d0       0x60 _build/nrf52840_xxaa/nrf_atfifo.c.o
                0x00000000000234d0                nrf_atfifo_item_get
 .text.nrf_atfifo_item_free
                0x0000000000023530       0x20 _build/nrf52840_xxaa/nrf_atfifo.c.o
                0x0000000000023530                nrf_atfifo_item_free
 .text.nrf_atomic_u32_fetch_store
                0x0000000000023550       0x1c _build/nrf52840_xxaa/nrf_atomic.c.o
                0x0000000000023550                nrf_atomic_u32_fetch_store
 .text.nrf_atomic_u32_add
                0x000000000002356c       0x1c _build/nrf52840_xxaa/nrf_atomic.c.o
                0x000000000002356c                nrf_atomic_u32_add
 .text.nrf_atomic_u32_sub
                0x0000000000023588       0x1c _build/nrf52840_xxaa/nrf_atomic.c.o
                0x0000000000023588                nrf_atomic_u32_sub
 .text.nrf_atomic_u32_sub_hs
                0x00000000000235a4       0x20 _build/nrf52840_xxaa/nrf_atomic.c.o
                0x00000000000235a4                nrf_atomic_u32_sub_hs
 .text.nrf_atomic_flag_set
                0x00000000000235c4       0x20 _build/nrf52840_xxaa/nrf_atomic.c.o
                0x00000000000235c4                nrf_atomic_flag_set
 .text.nrf_atomic_flag_clear_fetch
                0x00000000000235e4       0x20 _build/nrf52840_xxaa/nrf_atomic.c.o
                0x00000000000235e4                nrf_atomic_flag_clear_fetch
 .text.nrf_balloc_init
                0x0000000000023604       0x38 _build/nrf52840_xxaa/nrf_balloc.c.o
                0x0000000000023604                nrf_balloc_init
 .text.nrf_balloc_alloc
                0x000000000002363c       0x4c _build/nrf52840_xxaa/nrf_balloc.c.o
                0x000000000002363c                nrf_balloc_alloc
 .text.nrf_balloc_free
                0x0000000000023688       0x2c _build/nrf52840_xxaa/nrf_balloc.c.o
                0x0000000000023688                nrf_balloc_free
 .text.nrf_memobj_pool_init
                0x00000000000236b4        0x4 _build/nrf52840_xxaa/nrf_memobj.c.o
                0x00000000000236b4                nrf_memobj_pool_init
 .text.nrf_memobj_alloc
                0x00000000000236b8       0x94 _build/nrf52840_xxaa/nrf_memobj.c.o
                0x00000000000236b8                nrf_memobj_alloc
 .text.nrf_memobj_get
                0x000000000002374c        0x8 _build/nrf52840_xxaa/nrf_memobj.c.o
                0x000000000002374c                nrf_memobj_get
 .text.nrf_memobj_put
                0x0000000000023754       0x58 _build/nrf52840_xxaa/nrf_memobj.c.o
                0x0000000000023754                nrf_memobj_put
 .text.nrf_memobj_write
                0x00000000000237ac       0x68 _build/nrf52840_xxaa/nrf_memobj.c.o
                0x00000000000237ac                nrf_memobj_write
 .text.nrf_memobj_read
                0x0000000000023814       0x68 _build/nrf52840_xxaa/nrf_memobj.c.o
                0x0000000000023814                nrf_memobj_read
 .text.nrf_ringbuf_init
                0x000000000002387c       0x1c _build/nrf52840_xxaa/nrf_ringbuf.c.o
                0x000000000002387c                nrf_ringbuf_init
 .text.nrf_sortlist_add
                0x0000000000023898       0x28 _build/nrf52840_xxaa/nrf_sortlist.c.o
                0x0000000000023898                nrf_sortlist_add
 .text.nrf_sortlist_pop
                0x00000000000238c0        0xc _build/nrf52840_xxaa/nrf_sortlist.c.o
                0x00000000000238c0                nrf_sortlist_pop
 .text.nrf_sortlist_peek
                0x00000000000238cc        0x8 _build/nrf52840_xxaa/nrf_sortlist.c.o
                0x00000000000238cc                nrf_sortlist_peek
 .text.nrf_sortlist_remove
                0x00000000000238d4       0x1c _build/nrf52840_xxaa/nrf_sortlist.c.o
                0x00000000000238d4                nrf_sortlist_remove
 .text.nrf_fprintf_buffer_flush
                0x00000000000238f0       0x18 _build/nrf52840_xxaa/nrf_fprintf.c.o
                0x00000000000238f0                nrf_fprintf_buffer_flush
 .text.nrf_fprintf
                0x0000000000023908       0x20 _build/nrf52840_xxaa/nrf_fprintf.c.o
                0x0000000000023908                nrf_fprintf
 .text.unsigned_print
                0x0000000000023928      0x14c _build/nrf52840_xxaa/nrf_fprintf_format.c.o
 .text.nrf_fprintf_fmt
                0x0000000000023a74      0x5cc _build/nrf52840_xxaa/nrf_fprintf_format.c.o
                0x0000000000023a74                nrf_fprintf_fmt
 .text.nrfx_systick_init
                0x0000000000024040       0x14 _build/nrf52840_xxaa/nrfx_systick.c.o
                0x0000000000024040                nrfx_systick_init
 .text.nrfx_systick_get
                0x0000000000024054        0xc _build/nrf52840_xxaa/nrfx_systick.c.o
                0x0000000000024054                nrfx_systick_get
 .text.nrfx_systick_test
                0x0000000000024060       0x38 _build/nrf52840_xxaa/nrfx_systick.c.o
                0x0000000000024060                nrfx_systick_test
 .text.nrfx_gpiote_init
                0x0000000000024098       0xb0 _build/nrf52840_xxaa/nrfx_gpiote.c.o
                0x0000000000024098                nrfx_gpiote_init
 .text.nrfx_gpiote_in_init
                0x0000000000024148      0x1e4 _build/nrf52840_xxaa/nrfx_gpiote.c.o
                0x0000000000024148                nrfx_gpiote_in_init
 .text.nrfx_gpiote_in_event_enable
                0x000000000002432c       0xd8 _build/nrf52840_xxaa/nrfx_gpiote.c.o
                0x000000000002432c                nrfx_gpiote_in_event_enable
 .text.GPIOTE_IRQHandler
                0x0000000000024404      0x500 _build/nrf52840_xxaa/nrfx_gpiote.c.o
                0x0000000000024404                GPIOTE_IRQHandler
 .text.start_pwm_timer
                0x0000000000024904        0x8 _build/nrf52840_xxaa/pwm_handler.c.o
                0x0000000000024904                start_pwm_timer
 .text.get_pwm_state
                0x000000000002490c       0x94 _build/nrf52840_xxaa/pwm_handler.c.o
                0x000000000002490c                get_pwm_state
 .text.double_click_handler
                0x00000000000249a0       0x44 _build/nrf52840_xxaa/button_handler.c.o
 .text.debounce_handler
                0x00000000000249e4       0xf8 _build/nrf52840_xxaa/button_handler.c.o
 .text.btn_IRQHandler
                0x0000000000024adc       0x90 _build/nrf52840_xxaa/button_handler.c.o
 .text.is_button_pressed
                0x0000000000024b6c        0xc _build/nrf52840_xxaa/button_handler.c.o
                0x0000000000024b6c                is_button_pressed
 .text.initialize_button_handler
                0x0000000000024b78       0x3c _build/nrf52840_xxaa/button_handler.c.o
                0x0000000000024b78                initialize_button_handler
 .text.initialize_timers
                0x0000000000024bb4       0x50 _build/nrf52840_xxaa/button_handler.c.o
                0x0000000000024bb4                initialize_timers
 .text.process_button_events
                0x0000000000024c04        0x4 _build/nrf52840_xxaa/button_handler.c.o
                0x0000000000024c04                process_button_events
 .text.process_led_events
                0x0000000000024c08      0x130 _build/nrf52840_xxaa/led_controller.c.o
                0x0000000000024c08                process_led_events
 .text.periph_init
                0x0000000000024d38       0x90 _build/nrf52840_xxaa/main.c.o
                0x0000000000024d38                periph_init
 .text.startup.main
                0x0000000000024dc8       0x3c _build/nrf52840_xxaa/main.c.o
                0x0000000000024dc8                main
 .text          0x0000000000024e04        0xc /usr/lib/gcc/arm-none-eabi/9.2.1/../../../arm-none-eabi/lib/thumb/v7e-m+fp/hard/libc_nano.a(lib_a-atexit.o)
                0x0000000000024e04                atexit
 .text          0x0000000000024e10       0x28 /usr/lib/gcc/arm-none-eabi/9.2.1/../../../arm-none-eabi/lib/thumb/v7e-m+fp/hard/libc_nano.a(lib_a-exit.o)
                0x0000000000024e10                exit
 .text          0x0000000000024e38       0x34 /usr/lib/gcc/arm-none-eabi/9.2.1/../../../arm-none-eabi/lib/thumb/v7e-m+fp/hard/libc_nano.a(lib_a-fini.o)
                0x0000000000024e38                __libc_fini_array
 .text          0x0000000000024e6c       0x48 /usr/lib/gcc/arm-none-eabi/9.2.1/../../../arm-none-eabi/lib/thumb/v7e-m+fp/hard/libc_nano.a(lib_a-init.o)
                0x0000000000024e6c                __libc_init_array
 .text          0x0000000000024eb4      0x134 /usr/lib/gcc/arm-none-eabi/9.2.1/../../../arm-none-eabi/lib/thumb/v7e-m+fp/hard/libc_nano.a(lib_a-memcpy.o)
                0x0000000000024eb4                memcpy
 .text          0x0000000000024fe8       0xa0 /usr/lib/gcc/arm-none-eabi/9.2.1/../../../arm-none-eabi/lib/thumb/v7e-m+fp/hard/libc_nano.a(lib_a-memset.o)
                0x0000000000024fe8                memset
 .text          0x0000000000025088      0x110 /usr/lib/gcc/arm-none-eabi/9.2.1/../../../arm-none-eabi/lib/thumb/v7e-m+fp/hard/libc_nano.a(lib_a-snprintf.o)
                0x0000000000025088                _sniprintf_r
                0x0000000000025088                _snprintf_r
                0x000000000002510c                snprintf
                0x000000000002510c                sniprintf
 *fill*         0x0000000000025198       0x28 
 .text          0x00000000000251c0       0xdc /usr/lib/gcc/arm-none-eabi/9.2.1/../../../arm-none-eabi/lib/thumb/v7e-m+fp/hard/libc_nano.a(lib_a-strlen.o)
                0x00000000000251c0                strlen
 .text          0x000000000002529c       0xa4 /usr/lib/gcc/arm-none-eabi/9.2.1/../../../arm-none-eabi/lib/thumb/v7e-m+fp/hard/libc_nano.a(lib_a-strncmp.o)
                0x000000000002529c                strncmp
 .text          0x0000000000025340       0xa0 /usr/lib/gcc/arm-none-eabi/9.2.1/../../../arm-none-eabi/lib/thumb/v7e-m+fp/hard/libc_nano.a(lib_a-__atexit.o)
                0x0000000000025340                __register_exitproc
 .text          0x00000000000253e0       0x9c /usr/lib/gcc/arm-none-eabi/9.2.1/../../../arm-none-eabi/lib/thumb/v7e-m+fp/hard/libc_nano.a(lib_a-__call_atexit.o)
                0x00000000000253e0                __call_exitprocs
 .text          0x000000000002547c      0x42c /usr/lib/gcc/arm-none-eabi/9.2.1/../../../arm-none-eabi/lib/thumb/v7e-m+fp/hard/libc_nano.a(lib_a-nano-svfprintf.o)
                0x000000000002547c                __ssputs_r
                0x000000000002553c                __ssprint_r
                0x0000000000025634                _svfprintf_r
                0x0000000000025634                _svfiprintf_r
 .text          0x00000000000258a8      0x3c4 /usr/lib/gcc/arm-none-eabi/9.2.1/../../../arm-none-eabi/lib/thumb/v7e-m+fp/hard/libc_nano.a(lib_a-nano-vfprintf_i.o)
                0x00000000000258a8                _printf_common
                0x00000000000259d4                _printf_i
 *fill*         0x0000000000025c6c        0x4 
 .text          0x0000000000025c70       0xa0 /usr/lib/gcc/arm-none-eabi/9.2.1/../../../arm-none-eabi/lib/thumb/v7e-m+fp/hard/libc_nano.a(lib_a-memchr.o)
                0x0000000000025c70                memchr
 .text          0x0000000000025d10       0xd0 /usr/lib/gcc/arm-none-eabi/9.2.1/../../../arm-none-eabi/lib/thumb/v7e-m+fp/hard/libc_nano.a(lib_a-memmove.o)
                0x0000000000025d10                memmove
 .text          0x0000000000025de0       0xac /usr/lib/gcc/arm-none-eabi/9.2.1/../../../arm-none-eabi/lib/thumb/v7e-m+fp/hard/libc_nano.a(lib_a-nano-freer.o)
                0x0000000000025de0                _free_r
 .text          0x0000000000025e8c       0xc8 /usr/lib/gcc/arm-none-eabi/9.2.1/../../../arm-none-eabi/lib/thumb/v7e-m+fp/hard/libc_nano.a(lib_a-nano-mallocr.o)
                0x0000000000025e8c                _malloc_r
 .text          0x0000000000025f54       0x4c /usr/lib/gcc/arm-none-eabi/9.2.1/../../../arm-none-eabi/lib/thumb/v7e-m+fp/hard/libc_nano.a(lib_a-nano-reallocr.o)
                0x0000000000025f54                _realloc_r
 .text          0x0000000000025fa0       0x24 /usr/lib/gcc/arm-none-eabi/9.2.1/../../../arm-none-eabi/lib/thumb/v7e-m+fp/hard/libc_nano.a(lib_a-sbrkr.o)
                0x0000000000025fa0                _sbrk_r
 .text          0x0000000000025fc4        0x8 /usr/lib/gcc/arm-none-eabi/9.2.1/../../../arm-none-eabi/lib/thumb/v7e-m+fp/hard/libc_nano.a(lib_a-mlock.o)
                0x0000000000025fc4                __malloc_lock
                0x0000000000025fc8                __malloc_unlock
 .text          0x0000000000025fcc       0x10 /usr/lib/gcc/arm-none-eabi/9.2.1/../../../arm-none-eabi/lib/thumb/v7e-m+fp/hard/libc_nano.a(lib_a-nano-msizer.o)
                0x0000000000025fcc                _malloc_usable_size_r
 .text          0x0000000000025fdc       0x1c /usr/lib/gcc/arm-none-eabi/9.2.1/../../../arm-none-eabi/lib/thumb/v7e-m+fp/hard/libnosys.a(sbrk.o)
                0x0000000000025fdc                _sbrk
 .text          0x0000000000025ff8        0x4 /usr/lib/gcc/arm-none-eabi/9.2.1/../../../arm-none-eabi/lib/thumb/v7e-m+fp/hard/libnosys.a(_exit.o)
                0x0000000000025ff8                _exit
 *(.init)
 .init          0x0000000000025ffc        0x4 /usr/lib/gcc/arm-none-eabi/9.2.1/thumb/v7e-m+fp/hard/crti.o
                0x0000000000025ffc                _init
 .init          0x0000000000026000        0x8 /usr/lib/gcc/arm-none-eabi/9.2.1/thumb/v7e-m+fp/hard/crtn.o
 *(.fini)
 .fini          0x0000000000026008        0x4 /usr/lib/gcc/arm-none-eabi/9.2.1/thumb/v7e-m+fp/hard/crti.o
                0x0000000000026008                _fini
 .fini          0x000000000002600c        0x8 /usr/lib/gcc/arm-none-eabi/9.2.1/thumb/v7e-m+fp/hard/crtn.o
 *crtbegin.o(.ctors)
 *crtbegin?.o(.ctors)
 *(EXCLUDE_FILE(*crtend.o *crtend?.o) .ctors)
 *(SORT_BY_NAME(.ctors.*))
 *(.ctors)
 *crtbegin.o(.dtors)
 *crtbegin?.o(.dtors)
 *(EXCLUDE_FILE(*crtend.o *crtend?.o) .dtors)
 *(SORT_BY_NAME(.dtors.*))
 *(.dtors)
 *(.rodata*)
 .rodata.str1.4
                0x0000000000026014        0x6 _build/nrf52840_xxaa/nrf_drv_clock.c.o
 *fill*         0x000000000002601a        0x2 
 .rodata.m_drv_power_config_default
                0x000000000002601c        0x1 _build/nrf52840_xxaa/nrf_drv_power.c.o
 *fill*         0x000000000002601d        0x3 
 .rodata.str1.4
                0x0000000000026020        0x6 _build/nrf52840_xxaa/nrfx_clock.c.o
 *fill*         0x0000000000026026        0x2 
 .rodata.str1.4
                0x0000000000026028        0x5 _build/nrf52840_xxaa/nrfx_uart.c.o
 *fill*         0x000000000002602d        0x3 
 .rodata.str1.4
                0x0000000000026030        0x5 _build/nrf52840_xxaa/nrfx_usbd.c.o
 *fill*         0x0000000000026035        0x3 
 .rodata.CSWTCH.240
                0x0000000000026038        0x6 _build/nrf52840_xxaa/nrfx_usbd.c.o
 *fill*         0x000000000002603e        0x2 
 .rodata.epin_bitpos.12220
                0x0000000000026040        0x9 _build/nrf52840_xxaa/nrfx_usbd.c.o
 *fill*         0x0000000000026049        0x3 
 .rodata.epin_endev.12215
                0x000000000002604c       0x12 _build/nrf52840_xxaa/nrfx_usbd.c.o
 *fill*         0x000000000002605e        0x2 
 .rodata.epout_bitpos.12221
                0x0000000000026060        0x9 _build/nrf52840_xxaa/nrfx_usbd.c.o
 *fill*         0x0000000000026069        0x3 
 .rodata.epout_endev.12216
                0x000000000002606c       0x12 _build/nrf52840_xxaa/nrfx_usbd.c.o
 *fill*         0x000000000002607e        0x2 
 .rodata.m_isr  0x0000000000026080       0x64 _build/nrf52840_xxaa/nrfx_usbd.c.o
 .rodata.CSWTCH.15
                0x00000000000260e4        0x6 _build/nrf52840_xxaa/system_nrf52840.c.o
 *fill*         0x00000000000260ea        0x2 
 .rodata.CSWTCH.6
                0x00000000000260ec        0x6 _build/nrf52840_xxaa/system_nrf52840.c.o
 *fill*         0x00000000000260f2        0x2 
 .rodata.str1.4
                0x00000000000260f4       0x51 _build/nrf52840_xxaa/bsp.c.o
 *fill*         0x0000000000026145        0x3 
 .rodata.nrf_log_frontend_dequeue.str1.4
                0x0000000000026148       0x11 _build/nrf52840_xxaa/nrf_log_frontend.c.o
 *fill*         0x0000000000026159        0x3 
 .rodata.str1.4
                0x000000000002615c       0x23 _build/nrf52840_xxaa/nrf_log_frontend.c.o
 *fill*         0x000000000002617f        0x1 
 .rodata.m_log_push_ringbuf
                0x0000000000026180        0xc _build/nrf52840_xxaa/nrf_log_frontend.c.o
 .rodata.prefix_process.str1.4
                0x000000000002618c       0x36 _build/nrf52840_xxaa/nrf_log_str_formatter.c.o
 *fill*         0x00000000000261c2        0x2 
 .rodata.nrf_log_std_entry_process.str1.4
                0x00000000000261c4        0x3 _build/nrf52840_xxaa/nrf_log_str_formatter.c.o
 *fill*         0x00000000000261c7        0x1 
 .rodata.nrf_log_hexdump_entry_process.str1.4
                0x00000000000261c8       0x13 _build/nrf52840_xxaa/nrf_log_str_formatter.c.o
                                         0x16 (size before relaxing)
 *fill*         0x00000000000261db        0x1 
 .rodata.str1.4
                0x00000000000261dc       0x4e _build/nrf52840_xxaa/nrf_log_str_formatter.c.o
                                         0x56 (size before relaxing)
 *fill*         0x000000000002622a        0x2 
 .rodata.m_colors
                0x000000000002622c       0x24 _build/nrf52840_xxaa/nrf_log_str_formatter.c.o
 .rodata.severity_names
                0x0000000000026250       0x14 _build/nrf52840_xxaa/nrf_log_str_formatter.c.o
 .rodata.str1.4
                0x0000000000026264       0x10 _build/nrf52840_xxaa/nrf_log_default_backends.c.o
 .rodata.gs_log_usb_cdc_acm
                0x0000000000026274       0x24 _build/nrf52840_xxaa/nrf_log_backend_usb.c.o
                0x0000000000026274                gs_log_usb_cdc_acm
 .rodata.gs_usbd_config
                0x0000000000026298        0xc _build/nrf52840_xxaa/nrf_log_backend_usb.c.o
 .rodata.log_backend_usb_api
                0x00000000000262a4        0xc _build/nrf52840_xxaa/nrf_log_backend_usb.c.o
                0x00000000000262a4                log_backend_usb_api
 .rodata.str1.4
                0x00000000000262b0        0xc _build/nrf52840_xxaa/nrf_stack_guard.c.o
 .rodata.str1.4
                0x00000000000262bc       0x33 _build/nrf52840_xxaa/app_button.c.o
 *fill*         0x00000000000262ef        0x1 
 .rodata.app_error_fault_handler.str1.4
                0x00000000000262f0       0x19 _build/nrf52840_xxaa/app_error_weak.c.o
 *fill*         0x0000000000026309        0x3 
 .rodata.str1.4
                0x000000000002630c       0x1e _build/nrf52840_xxaa/app_timer2.c.o
 *fill*         0x000000000002632a        0x2 
 .rodata        0x000000000002632c        0x4 _build/nrf52840_xxaa/app_timer2.c.o
 .rodata.m_app_timer_sortlist
                0x0000000000026330        0xc _build/nrf52840_xxaa/app_timer2.c.o
 .rodata.str1.4
                0x000000000002633c       0x21 _build/nrf52840_xxaa/app_usbd.c.o
 *fill*         0x000000000002635d        0x3 
 .rodata.CSWTCH.85
                0x0000000000026360        0x7 _build/nrf52840_xxaa/app_usbd.c.o
 *fill*         0x0000000000026367        0x1 
 .rodata.config.13869
                0x0000000000026368        0x4 _build/nrf52840_xxaa/app_usbd.c.o
 .rodata.ev.13762
                0x000000000002636c        0x4 _build/nrf52840_xxaa/app_usbd.c.o
 .rodata.ev.13765
                0x0000000000026370        0x4 _build/nrf52840_xxaa/app_usbd.c.o
 .rodata.ev.13767
                0x0000000000026374        0x4 _build/nrf52840_xxaa/app_usbd.c.o
 .rodata.event_setaddress.13750
                0x0000000000026378        0x4 _build/nrf52840_xxaa/app_usbd.c.o
 .rodata.evt_data.13775
                0x000000000002637c        0x1 _build/nrf52840_xxaa/app_usbd.c.o
 *fill*         0x000000000002637d        0x3 
 .rodata.evt_data.13893
                0x0000000000026380        0x1 _build/nrf52840_xxaa/app_usbd.c.o
 *fill*         0x0000000000026381        0x3 
 .rodata.evt_data.13913
                0x0000000000026384        0x1 _build/nrf52840_xxaa/app_usbd.c.o
 *fill*         0x0000000000026385        0x3 
 .rodata.evt_data.13916
                0x0000000000026388        0x1 _build/nrf52840_xxaa/app_usbd.c.o
 *fill*         0x0000000000026389        0x3 
 .rodata.evt_data.13926
                0x000000000002638c        0x1 _build/nrf52840_xxaa/app_usbd.c.o
 *fill*         0x000000000002638d        0x3 
 .rodata.evt_data.13935
                0x0000000000026390        0x1 _build/nrf52840_xxaa/app_usbd.c.o
 *fill*         0x0000000000026391        0x3 
 .rodata.str1.4
                0x0000000000026394        0x8 _build/nrf52840_xxaa/app_usbd_cdc_acm.c.o
 .rodata.app_usbd_cdc_acm_class_methods
                0x000000000002639c       0x14 _build/nrf52840_xxaa/app_usbd_cdc_acm.c.o
                0x000000000002639c                app_usbd_cdc_acm_class_methods
 .rodata.str1.4
                0x00000000000263b0        0xe _build/nrf52840_xxaa/app_usbd_core.c.o
 *fill*         0x00000000000263be        0x2 
 .rodata.app_usbd_core_inst
                0x00000000000263c0       0x10 _build/nrf52840_xxaa/app_usbd_core.c.o
                0x00000000000263c0                app_usbd_core_inst
 .rodata.evt_data.12934
                0x00000000000263d0        0x1 _build/nrf52840_xxaa/app_usbd_core.c.o
 *fill*         0x00000000000263d1        0x3 
 .rodata.m_configuration_dsc
                0x00000000000263d4        0x9 _build/nrf52840_xxaa/app_usbd_core.c.o
 *fill*         0x00000000000263dd        0x3 
 .rodata.m_core_methods
                0x00000000000263e0       0x14 _build/nrf52840_xxaa/app_usbd_core.c.o
 .rodata.m_device_dsc
                0x00000000000263f4       0x12 _build/nrf52840_xxaa/app_usbd_core.c.o
 *fill*         0x0000000000026406        0x2 
 .rodata.m_setup_data_handler_empty_desc
                0x0000000000026408        0x8 _build/nrf52840_xxaa/app_usbd_core.c.o
 .rodata.usbd_descriptor_feeder_desc
                0x0000000000026410        0x8 _build/nrf52840_xxaa/app_usbd_core.c.o
 .rodata.__compound_literal.1
                0x0000000000026418        0x6 _build/nrf52840_xxaa/app_usbd_string_desc.c.o
 *fill*         0x000000000002641e        0x2 
 .rodata.__compound_literal.2
                0x0000000000026420       0x15 _build/nrf52840_xxaa/app_usbd_string_desc.c.o
 *fill*         0x0000000000026435        0x3 
 .rodata.__compound_literal.3
                0x0000000000026438       0x12 _build/nrf52840_xxaa/app_usbd_string_desc.c.o
 *fill*         0x000000000002644a        0x2 
 .rodata.__compound_literal.4
                0x000000000002644c        0xd _build/nrf52840_xxaa/app_usbd_string_desc.c.o
 *fill*         0x0000000000026459        0x3 
 .rodata.__compound_literal.5
                0x000000000002645c       0x16 _build/nrf52840_xxaa/app_usbd_string_desc.c.o
 *fill*         0x0000000000026472        0x2 
 .rodata.__compound_literal.6
                0x0000000000026474        0x7 _build/nrf52840_xxaa/app_usbd_string_desc.c.o
 *fill*         0x000000000002647b        0x1 
 .rodata.m_string_dsc
                0x000000000002647c       0x18 _build/nrf52840_xxaa/app_usbd_string_desc.c.o
 .rodata.m_string_translation
                0x0000000000026494        0xc _build/nrf52840_xxaa/app_usbd_string_desc.c.o
 .rodata.app_usbd_serial_num_generate.str1.4
                0x00000000000264a0        0xb _build/nrf52840_xxaa/app_usbd_serial_num.c.o
 *fill*         0x00000000000264ab        0x1 
 .rodata.drv_rtc_init.str1.4
                0x00000000000264ac       0x36 _build/nrf52840_xxaa/drv_rtc.c.o
 *fill*         0x00000000000264e2        0xe 
 .rodata.delay_machine_code.8413
                0x00000000000264f0        0x6 _build/nrf52840_xxaa/drv_rtc.c.o
 *fill*         0x00000000000264f6        0x2 
 .rodata.HardFault_c_handler.str1.4
                0x00000000000264f8      0x136 _build/nrf52840_xxaa/hardfault_implementation.c.o
 *fill*         0x000000000002662e        0x2 
 .rodata.str1.4
                0x0000000000026630      0x4de _build/nrf52840_xxaa/hardfault_implementation.c.o
 *fill*         0x0000000000026b0e        0x2 
 .rodata.cfsr_msgs.9012
                0x0000000000026b10       0x68 _build/nrf52840_xxaa/hardfault_implementation.c.o
 .rodata.str1.4
                0x0000000000026b78        0x9 _build/nrf52840_xxaa/nrf_pwr_mgmt.c.o
 *fill*         0x0000000000026b81        0x3 
 .rodata.str1.4
                0x0000000000026b84        0x9 _build/nrf52840_xxaa/nrf_sortlist.c.o
 *fill*         0x0000000000026b8d        0x3 
 .rodata._aV2C.7887
                0x0000000000026b90       0x10 _build/nrf52840_xxaa/nrf_fprintf_format.c.o
 .rodata.str1.4
                0x0000000000026ba0        0x7 _build/nrf52840_xxaa/nrfx_gpiote.c.o
 *fill*         0x0000000000026ba7        0x1 
 .rodata.double_click_handler.str1.4
                0x0000000000026ba8       0x16 _build/nrf52840_xxaa/button_handler.c.o
 *fill*         0x0000000000026bbe        0x2 
 .rodata.debounce_handler.str1.4
                0x0000000000026bc0       0x4d _build/nrf52840_xxaa/button_handler.c.o
 *fill*         0x0000000000026c0d        0x3 
 .rodata.btn_IRQHandler.str1.4
                0x0000000000026c10       0x19 _build/nrf52840_xxaa/button_handler.c.o
 *fill*         0x0000000000026c29        0x3 
 .rodata.str1.4
                0x0000000000026c2c       0x3c _build/nrf52840_xxaa/button_handler.c.o
 .rodata.process_led_events.str1.4
                0x0000000000026c68       0x17 _build/nrf52840_xxaa/led_controller.c.o
 *fill*         0x0000000000026c7f        0x1 
 .rodata.init_led_controller.str1.4
                0x0000000000026c80        0xa _build/nrf52840_xxaa/main.c.o
 *fill*         0x0000000000026c8a        0x2 
 .rodata.BUTTON_PIN
                0x0000000000026c8c        0x4 _build/nrf52840_xxaa/main.c.o
                0x0000000000026c8c                BUTTON_PIN
 .rodata.leds   0x0000000000026c90       0x10 _build/nrf52840_xxaa/main.c.o
                0x0000000000026c90                leds
 .rodata        0x0000000000026ca0      0x101 /usr/lib/gcc/arm-none-eabi/9.2.1/../../../arm-none-eabi/lib/thumb/v7e-m+fp/hard/libc_nano.a(lib_a-ctype_.o)
                0x0000000000026ca0                _ctype_
 *fill*         0x0000000000026da1        0x3 
 .rodata        0x0000000000026da4        0x4 /usr/lib/gcc/arm-none-eabi/9.2.1/../../../arm-none-eabi/lib/thumb/v7e-m+fp/hard/libc_nano.a(lib_a-impure.o)
                0x0000000000026da4                _global_impure_ptr
 .rodata.str1.4
                0x0000000000026da8       0x13 /usr/lib/gcc/arm-none-eabi/9.2.1/../../../arm-none-eabi/lib/thumb/v7e-m+fp/hard/libc_nano.a(lib_a-nano-svfprintf.o)
 *fill*         0x0000000000026dbb        0x1 
 .rodata.str1.4
                0x0000000000026dbc       0x25 /usr/lib/gcc/arm-none-eabi/9.2.1/../../../arm-none-eabi/lib/thumb/v7e-m+fp/hard/libc_nano.a(lib_a-nano-vfprintf_i.o)
 *(.eh_frame*)
 *fill*         0x0000000000026de1        0x3 
 .eh_frame      0x0000000000026de4        0x0 /usr/lib/gcc/arm-none-eabi/9.2.1/thumb/v7e-m+fp/hard/crtbegin.o
 .eh_frame      0x0000000000026de4        0x4 /usr/lib/gcc/arm-none-eabi/9.2.1/thumb/v7e-m+fp/hard/crtend.o

.glue_7         0x0000000000026de8        0x0
 .glue_7        0x0000000000026de8        0x0 linker stubs

.glue_7t        0x0000000000026de8        0x0
 .glue_7t       0x0000000000026de8        0x0 linker stubs

.vfp11_veneer   0x0000000000026de8        0x0
 .vfp11_veneer  0x0000000000026de8        0x0 linker stubs

.v4_bx          0x0000000000026de8        0x0
 .v4_bx         0x0000000000026de8        0x0 linker stubs

.iplt           0x0000000000026de8        0x0
 .iplt          0x0000000000026de8        0x0 /usr/lib/gcc/arm-none-eabi/9.2.1/thumb/v7e-m+fp/hard/crtbegin.o

.mem_section_dummy_rom

.log_const_data
                0x0000000000026de8       0xc0
                0x0000000000026de8                PROVIDE (__start_log_const_data = .)
 *(SORT_BY_NAME(.log_const_data*))
 .log_const_data_CLOCK
                0x0000000000026de8        0x8 _build/nrf52840_xxaa/nrfx_clock.c.o
                0x0000000000026de8                m_nrf_log_CLOCK_logs_data_const
 .log_const_data_GPIOTE
                0x0000000000026df0        0x8 _build/nrf52840_xxaa/nrfx_gpiote.c.o
                0x0000000000026df0                m_nrf_log_GPIOTE_logs_data_const
 .log_const_data_UART
                0x0000000000026df8        0x8 _build/nrf52840_xxaa/nrfx_uart.c.o
                0x0000000000026df8                m_nrf_log_UART_logs_data_const
 .log_const_data_USBD
                0x0000000000026e00        0x8 _build/nrf52840_xxaa/nrfx_usbd.c.o
                0x0000000000026e00                m_nrf_log_USBD_logs_data_const
 .log_const_data_app
                0x0000000000026e08        0x8 _build/nrf52840_xxaa/nrf_log_frontend.c.o
                0x0000000000026e08                m_nrf_log_app_logs_data_const
 .log_const_data_app_button
                0x0000000000026e10        0x8 _build/nrf52840_xxaa/app_button.c.o
                0x0000000000026e10                m_nrf_log_app_button_logs_data_const
 .log_const_data_app_timer
                0x0000000000026e18        0x8 _build/nrf52840_xxaa/app_timer2.c.o
                0x0000000000026e18                m_nrf_log_app_timer_logs_data_const
 .log_const_data_app_timer_debounce_timer_id
                0x0000000000026e20        0x8 _build/nrf52840_xxaa/button_handler.c.o
                0x0000000000026e20                m_nrf_log_app_timer_debounce_timer_id_logs_data_const
 .log_const_data_app_timer_double_click_timer_id
                0x0000000000026e28        0x8 _build/nrf52840_xxaa/button_handler.c.o
                0x0000000000026e28                m_nrf_log_app_timer_double_click_timer_id_logs_data_const
 .log_const_data_app_timer_m_bsp_alert_tmr
                0x0000000000026e30        0x8 _build/nrf52840_xxaa/bsp.c.o
                0x0000000000026e30                m_nrf_log_app_timer_m_bsp_alert_tmr_logs_data_const
 .log_const_data_app_timer_m_bsp_button_tmr
                0x0000000000026e38        0x8 _build/nrf52840_xxaa/bsp.c.o
                0x0000000000026e38                m_nrf_log_app_timer_m_bsp_button_tmr_logs_data_const
 .log_const_data_app_timer_m_bsp_leds_tmr
                0x0000000000026e40        0x8 _build/nrf52840_xxaa/bsp.c.o
                0x0000000000026e40                m_nrf_log_app_timer_m_bsp_leds_tmr_logs_data_const
 .log_const_data_app_timer_m_detection_delay_timer_id
                0x0000000000026e48        0x8 _build/nrf52840_xxaa/app_button.c.o
                0x0000000000026e48                m_nrf_log_app_timer_m_detection_delay_timer_id_logs_data_const
 .log_const_data_app_usbd
                0x0000000000026e50        0x8 _build/nrf52840_xxaa/app_usbd.c.o
                0x0000000000026e50                m_nrf_log_app_usbd_logs_data_const
 .log_const_data_app_usbd_core
                0x0000000000026e58        0x8 _build/nrf52840_xxaa/app_usbd_core.c.o
                0x0000000000026e58                m_nrf_log_app_usbd_core_logs_data_const
 .log_const_data_atfifo_m_event_queue
                0x0000000000026e60        0x8 _build/nrf52840_xxaa/app_usbd.c.o
                0x0000000000026e60                m_nrf_log_atfifo_m_event_queue_logs_data_const
 .log_const_data_atfifo_m_req_fifo
                0x0000000000026e68        0x8 _build/nrf52840_xxaa/app_timer2.c.o
                0x0000000000026e68                m_nrf_log_atfifo_m_req_fifo_logs_data_const
 .log_const_data_balloc_log_mempool
                0x0000000000026e70        0x8 _build/nrf52840_xxaa/nrf_log_frontend.c.o
                0x0000000000026e70                m_nrf_log_balloc_log_mempool_logs_data_const
 .log_const_data_cdc_acm
                0x0000000000026e78        0x8 _build/nrf52840_xxaa/app_usbd_cdc_acm.c.o
                0x0000000000026e78                m_nrf_log_cdc_acm_logs_data_const
 .log_const_data_clock
                0x0000000000026e80        0x8 _build/nrf52840_xxaa/nrf_drv_clock.c.o
                0x0000000000026e80                m_nrf_log_clock_logs_data_const
 .log_const_data_hardfault
                0x0000000000026e88        0x8 _build/nrf52840_xxaa/hardfault_implementation.c.o
                0x0000000000026e88                m_nrf_log_hardfault_logs_data_const
 .log_const_data_pwr_mgmt
                0x0000000000026e90        0x8 _build/nrf52840_xxaa/nrf_pwr_mgmt.c.o
                0x0000000000026e90                m_nrf_log_pwr_mgmt_logs_data_const
 .log_const_data_sortlist
                0x0000000000026e98        0x8 _build/nrf52840_xxaa/nrf_sortlist.c.o
                0x0000000000026e98                m_nrf_log_sortlist_logs_data_const
 .log_const_data_stack_guard
                0x0000000000026ea0        0x8 _build/nrf52840_xxaa/nrf_stack_guard.c.o
                0x0000000000026ea0                m_nrf_log_stack_guard_logs_data_const
                0x0000000000026ea8                PROVIDE (__stop_log_const_data = .)

.log_backends   0x0000000000026ea8       0x10
                [!provide]                        PROVIDE (__start_log_backends = .)
 *(SORT_BY_NAME(.log_backends*))
 .log_backends  0x0000000000026ea8       0x10 _build/nrf52840_xxaa/nrf_log_default_backends.c.o
                [!provide]                        PROVIDE (__stop_log_backends = .)

.nrf_balloc     0x0000000000026eb8       0x1c
                [!provide]                        PROVIDE (__start_nrf_balloc = .)
 *(.nrf_balloc)
 .nrf_balloc    0x0000000000026eb8       0x1c _build/nrf52840_xxaa/nrf_log_frontend.c.o
                0x0000000000026eb8                log_mempool
                [!provide]                        PROVIDE (__stop_nrf_balloc = .)

.ARM.extab
 *(.ARM.extab* .gnu.linkonce.armextab.*)
                0x0000000000026ed4                __exidx_start = .

.ARM.exidx      0x0000000000026ed4        0x8
 *(.ARM.exidx* .gnu.linkonce.armexidx.*)
 .ARM.exidx     0x0000000000026ed4        0x8 /usr/lib/gcc/arm-none-eabi/9.2.1/../../../arm-none-eabi/lib/thumb/v7e-m+fp/hard/crt0.o
                                         0x10 (size before relaxing)
                0x0000000000026edc                __exidx_end = .

.rel.dyn        0x0000000000026edc        0x0
 .rel.iplt      0x0000000000026edc        0x0 /usr/lib/gcc/arm-none-eabi/9.2.1/thumb/v7e-m+fp/hard/crtbegin.o
                0x0000000000026edc                . = ALIGN (0x4)
                0x0000000000026edc                __etext = .

.data           0x0000000020001198       0xf8 load address 0x0000000000026edc
                0x0000000020001198                __data_start__ = .
 *(vtable)
 *(.data*)
 .data.SystemCoreClock
                0x0000000020001198        0x4 _build/nrf52840_xxaa/system_nrf52840.c.o
                0x0000000020001198                SystemCoreClock
 .data.log_backend_cb_usb_log_backend
                0x000000002000119c        0x8 _build/nrf52840_xxaa/nrf_log_default_backends.c.o
 .data.gs_log_usb_cdc_acm_ep
                0x00000000200011a4        0x1 _build/nrf52840_xxaa/nrf_log_backend_usb.c.o
 *fill*         0x00000000200011a5        0x3 
 .data.m_req_fifo_inst
                0x00000000200011a8       0x14 _build/nrf52840_xxaa/app_timer2.c.o
 .data.m_rtc_inst
                0x00000000200011bc        0x8 _build/nrf52840_xxaa/app_timer2.c.o
 .data.clock_handler_item.13808
                0x00000000200011c4        0x8 _build/nrf52840_xxaa/app_usbd.c.o
 .data.m_event_queue_inst
                0x00000000200011cc       0x14 _build/nrf52840_xxaa/app_usbd.c.o
 .data.debounce_timer_id_data
                0x00000000200011e0       0x20 _build/nrf52840_xxaa/button_handler.c.o
 .data.double_click_timer_id_data
                0x0000000020001200       0x20 _build/nrf52840_xxaa/button_handler.c.o
 .data.blinks   0x0000000020001220        0x4 _build/nrf52840_xxaa/main.c.o
                0x0000000020001220                blinks
 .data          0x0000000020001224       0x64 /usr/lib/gcc/arm-none-eabi/9.2.1/../../../arm-none-eabi/lib/thumb/v7e-m+fp/hard/libc_nano.a(lib_a-impure.o)
                0x0000000020001224                _impure_ptr
                0x0000000020001288                . = ALIGN (0x4)
                0x0000000020001288                PROVIDE (__preinit_array_start = .)
 *(.preinit_array)
                0x0000000020001288                PROVIDE (__preinit_array_end = .)
                0x0000000020001288                . = ALIGN (0x4)
                0x0000000020001288                PROVIDE (__init_array_start = .)
 *(SORT_BY_NAME(.init_array.*))
 *(.init_array)
 .init_array    0x0000000020001288        0x4 /usr/lib/gcc/arm-none-eabi/9.2.1/thumb/v7e-m+fp/hard/crtbegin.o
                0x000000002000128c                PROVIDE (__init_array_end = .)
                0x000000002000128c                . = ALIGN (0x4)
                0x000000002000128c                PROVIDE (__fini_array_start = .)
 *(SORT_BY_NAME(.fini_array.*))
 *(.fini_array)
 .fini_array    0x000000002000128c        0x4 /usr/lib/gcc/arm-none-eabi/9.2.1/thumb/v7e-m+fp/hard/crtbegin.o
                0x0000000020001290                PROVIDE (__fini_array_end = .)
 *(.jcr*)
                0x0000000020001290                . = ALIGN (0x4)
                0x0000000020001290                __data_end__ = .
LOAD /usr/lib/gcc/arm-none-eabi/9.2.1/thumb/v7e-m+fp/hard/crti.o
LOAD /usr/lib/gcc/arm-none-eabi/9.2.1/thumb/v7e-m+fp/hard/crtbegin.o
LOAD /usr/lib/gcc/arm-none-eabi/9.2.1/../../../arm-none-eabi/lib/thumb/v7e-m+fp/hard/crt0.o
LOAD _build/nrf52840_xxaa/gcc_startup_nrf52840.S.o
LOAD _build/nrf52840_xxaa/boards.c.o
LOAD _build/nrf52840_xxaa/nrf_drv_clock.c.o
LOAD _build/nrf52840_xxaa/nrf_drv_power.c.o
LOAD _build/nrf52840_xxaa/nrf_drv_uart.c.o
LOAD _build/nrf52840_xxaa/nrfx_atomic.c.o
LOAD _build/nrf52840_xxaa/nrfx_clock.c.o
LOAD _build/nrf52840_xxaa/nrfx_power.c.o
LOAD _build/nrf52840_xxaa/nrfx_uart.c.o
LOAD _build/nrf52840_xxaa/nrfx_usbd.c.o
LOAD _build/nrf52840_xxaa/system_nrf52840.c.o
LOAD _build/nrf52840_xxaa/bsp.c.o
LOAD _build/nrf52840_xxaa/nrf_log_frontend.c.o
LOAD _build/nrf52840_xxaa/nrf_log_str_formatter.c.o
LOAD _build/nrf52840_xxaa/nrf_log_default_backends.c.o
LOAD _build/nrf52840_xxaa/nrf_log_backend_serial.c.o
LOAD _build/nrf52840_xxaa/nrf_log_backend_uart.c.o
LOAD _build/nrf52840_xxaa/nrf_log_backend_usb.c.o
LOAD _build/nrf52840_xxaa/nrf_stack_guard.c.o
LOAD _build/nrf52840_xxaa/app_button.c.o
LOAD _build/nrf52840_xxaa/app_error.c.o
LOAD _build/nrf52840_xxaa/app_error_handler_gcc.c.o
LOAD _build/nrf52840_xxaa/app_error_weak.c.o
LOAD _build/nrf52840_xxaa/app_fifo.c.o
LOAD _build/nrf52840_xxaa/app_timer2.c.o
LOAD _build/nrf52840_xxaa/app_uart_fifo.c.o
LOAD _build/nrf52840_xxaa/app_usbd.c.o
LOAD _build/nrf52840_xxaa/app_usbd_cdc_acm.c.o
LOAD _build/nrf52840_xxaa/app_usbd_core.c.o
LOAD _build/nrf52840_xxaa/app_usbd_string_desc.c.o
LOAD _build/nrf52840_xxaa/app_usbd_serial_num.c.o
LOAD _build/nrf52840_xxaa/app_util_platform.c.o
LOAD _build/nrf52840_xxaa/drv_rtc.c.o
LOAD _build/nrf52840_xxaa/hardfault_handler_gcc.c.o
LOAD _build/nrf52840_xxaa/hardfault_implementation.c.o
LOAD _build/nrf52840_xxaa/nrf_assert.c.o
LOAD _build/nrf52840_xxaa/nrf_atfifo.c.o
LOAD _build/nrf52840_xxaa/nrf_atomic.c.o
LOAD _build/nrf52840_xxaa/nrf_balloc.c.o
LOAD _build/nrf52840_xxaa/nrf_memobj.c.o
LOAD _build/nrf52840_xxaa/nrf_pwr_mgmt.c.o
LOAD _build/nrf52840_xxaa/nrf_queue.c.o
LOAD _build/nrf52840_xxaa/nrf_ringbuf.c.o
LOAD _build/nrf52840_xxaa/nrf_sortlist.c.o
LOAD _build/nrf52840_xxaa/nrf_strerror.c.o
LOAD _build/nrf52840_xxaa/nrf_fprintf.c.o
LOAD _build/nrf52840_xxaa/nrf_fprintf_format.c.o
LOAD _build/nrf52840_xxaa/utf.c.o
LOAD _build/nrf52840_xxaa/nrfx_systick.c.o
LOAD _build/nrf52840_xxaa/nrfx_gpiote.c.o
LOAD _build/nrf52840_xxaa/pwm_handler.c.o
LOAD _build/nrf52840_xxaa/button_handler.c.o
LOAD _build/nrf52840_xxaa/led_controller.c.o
LOAD _build/nrf52840_xxaa/main.c.o
LOAD /home/user/esl-nsdk//external/nrf_cc310/lib/cortex-m4/hard-float/libnrf_cc310_0.9.13.a
LOAD /home/user/esl-nsdk//external/nrf_oberon/lib/cortex-m4/hard-float/liboberon_3.0.8.a
LOAD /usr/lib/gcc/arm-none-eabi/9.2.1/../../../arm-none-eabi/lib/thumb/v7e-m+fp/hard/libc_nano.a
LOAD /usr/lib/gcc/arm-none-eabi/9.2.1/../../../arm-none-eabi/lib/thumb/v7e-m+fp/hard/libnosys.a
LOAD /usr/lib/gcc/arm-none-eabi/9.2.1/../../../arm-none-eabi/lib/thumb/v7e-m+fp/hard/libm.a
START GROUP
LOAD /usr/lib/gcc/arm-none-eabi/9.2.1/thumb/v7e-m+fp/hard/libgcc.a
LOAD /usr/lib/gcc/arm-none-eabi/9.2.1/../../../arm-none-eabi/lib/thumb/v7e-m+fp/hard/libg_nano.a
LOAD /usr/lib/gcc/arm-none-eabi/9.2.1/../../../arm-none-eabi/lib/thumb/v7e-m+fp/hard/libc_nano.a
END GROUP
START GROUP
LOAD /usr/lib/gcc/arm-none-eabi/9.2.1/thumb/v7e-m+fp/hard/libgcc.a
LOAD /usr/lib/gcc/arm-none-eabi/9.2.1/../../../arm-none-eabi/lib/thumb/v7e-m+fp/hard/libc_nano.a
END GROUP
LOAD /usr/lib/gcc/arm-none-eabi/9.2.1/thumb/v7e-m+fp/hard/crtend.o
LOAD /usr/lib/gcc/arm-none-eabi/9.2.1/thumb/v7e-m+fp/hard/crtn.o
START GROUP
LOAD /usr/lib/gcc/arm-none-eabi/9.2.1/thumb/v7e-m+fp/hard/libgcc.a
LOAD /usr/lib/gcc/arm-none-eabi/9.2.1/../../../arm-none-eabi/lib/thumb/v7e-m+fp/hard/libc.a
LOAD /usr/lib/gcc/arm-none-eabi/9.2.1/../../../arm-none-eabi/lib/thumb/v7e-m+fp/hard/libnosys.a
END GROUP

.tm_clone_table
                0x0000000020001290        0x0 load address 0x0000000000026fd4
 .tm_clone_table
                0x0000000020001290        0x0 /usr/lib/gcc/arm-none-eabi/9.2.1/thumb/v7e-m+fp/hard/crtbegin.o
 .tm_clone_table
                0x0000000020001290        0x0 /usr/lib/gcc/arm-none-eabi/9.2.1/thumb/v7e-m+fp/hard/crtend.o

.igot.plt       0x0000000020001290        0x0 load address 0x0000000000026fd4
 .igot.plt      0x0000000020001290        0x0 /usr/lib/gcc/arm-none-eabi/9.2.1/thumb/v7e-m+fp/hard/crtbegin.o
                0x0000000020001290                . = ALIGN (0x4)

.mem_section_dummy_ram

.log_dynamic_data
                0x0000000020001290       0x60 load address 0x0000000000026fd4
                0x0000000020001290                PROVIDE (__start_log_dynamic_data = .)
 *(SORT_BY_NAME(.log_dynamic_data*))
 .log_dynamic_data_CLOCK
                0x0000000020001290        0x4 _build/nrf52840_xxaa/nrfx_clock.c.o
                0x0000000020001290                m_nrf_log_CLOCK_logs_data_dynamic
 .log_dynamic_data_GPIOTE
                0x0000000020001294        0x4 _build/nrf52840_xxaa/nrfx_gpiote.c.o
                0x0000000020001294                m_nrf_log_GPIOTE_logs_data_dynamic
 .log_dynamic_data_UART
                0x0000000020001298        0x4 _build/nrf52840_xxaa/nrfx_uart.c.o
                0x0000000020001298                m_nrf_log_UART_logs_data_dynamic
 .log_dynamic_data_USBD
                0x000000002000129c        0x4 _build/nrf52840_xxaa/nrfx_usbd.c.o
                0x000000002000129c                m_nrf_log_USBD_logs_data_dynamic
 .log_dynamic_data_app
                0x00000000200012a0        0x4 _build/nrf52840_xxaa/nrf_log_frontend.c.o
                0x00000000200012a0                m_nrf_log_app_logs_data_dynamic
 .log_dynamic_data_app_button
                0x00000000200012a4        0x4 _build/nrf52840_xxaa/app_button.c.o
                0x00000000200012a4                m_nrf_log_app_button_logs_data_dynamic
 .log_dynamic_data_app_timer
                0x00000000200012a8        0x4 _build/nrf52840_xxaa/app_timer2.c.o
                0x00000000200012a8                m_nrf_log_app_timer_logs_data_dynamic
 .log_dynamic_data_app_timer_debounce_timer_id
                0x00000000200012ac        0x4 _build/nrf52840_xxaa/button_handler.c.o
                0x00000000200012ac                m_nrf_log_app_timer_debounce_timer_id_logs_data_dynamic
 .log_dynamic_data_app_timer_double_click_timer_id
                0x00000000200012b0        0x4 _build/nrf52840_xxaa/button_handler.c.o
                0x00000000200012b0                m_nrf_log_app_timer_double_click_timer_id_logs_data_dynamic
 .log_dynamic_data_app_timer_m_bsp_alert_tmr
                0x00000000200012b4        0x4 _build/nrf52840_xxaa/bsp.c.o
                0x00000000200012b4                m_nrf_log_app_timer_m_bsp_alert_tmr_logs_data_dynamic
 .log_dynamic_data_app_timer_m_bsp_button_tmr
                0x00000000200012b8        0x4 _build/nrf52840_xxaa/bsp.c.o
                0x00000000200012b8                m_nrf_log_app_timer_m_bsp_button_tmr_logs_data_dynamic
 .log_dynamic_data_app_timer_m_bsp_leds_tmr
                0x00000000200012bc        0x4 _build/nrf52840_xxaa/bsp.c.o
                0x00000000200012bc                m_nrf_log_app_timer_m_bsp_leds_tmr_logs_data_dynamic
 .log_dynamic_data_app_timer_m_detection_delay_timer_id
                0x00000000200012c0        0x4 _build/nrf52840_xxaa/app_button.c.o
                0x00000000200012c0                m_nrf_log_app_timer_m_detection_delay_timer_id_logs_data_dynamic
 .log_dynamic_data_app_usbd
                0x00000000200012c4        0x4 _build/nrf52840_xxaa/app_usbd.c.o
                0x00000000200012c4                m_nrf_log_app_usbd_logs_data_dynamic
 .log_dynamic_data_app_usbd_core
                0x00000000200012c8        0x4 _build/nrf52840_xxaa/app_usbd_core.c.o
                0x00000000200012c8                m_nrf_log_app_usbd_core_logs_data_dynamic
 .log_dynamic_data_atfifo_m_event_queue
                0x00000000200012cc        0x4 _build/nrf52840_xxaa/app_usbd.c.o
                0x00000000200012cc                m_nrf_log_atfifo_m_event_queue_logs_data_dynamic
 .log_dynamic_data_atfifo_m_req_fifo
                0x00000000200012d0        0x4 _build/nrf52840_xxaa/app_timer2.c.o
                0x00000000200012d0                m_nrf_log_atfifo_m_req_fifo_logs_data_dynamic
 .log_dynamic_data_balloc_log_mempool
                0x00000000200012d4        0x4 _build/nrf52840_xxaa/nrf_log_frontend.c.o
                0x00000000200012d4                m_nrf_log_balloc_log_mempool_logs_data_dynamic
 .log_dynamic_data_cdc_acm
                0x00000000200012d8        0x4 _build/nrf52840_xxaa/app_usbd_cdc_acm.c.o
                0x00000000200012d8                m_nrf_log_cdc_acm_logs_data_dynamic
 .log_dynamic_data_clock
                0x00000000200012dc        0x4 _build/nrf52840_xxaa/nrf_drv_clock.c.o
                0x00000000200012dc                m_nrf_log_clock_logs_data_dynamic
 .log_dynamic_data_hardfault
                0x00000000200012e0        0x4 _build/nrf52840_xxaa/hardfault_implementation.c.o
                0x00000000200012e0                m_nrf_log_hardfault_logs_data_dynamic
 .log_dynamic_data_pwr_mgmt
                0x00000000200012e4        0x4 _build/nrf52840_xxaa/nrf_pwr_mgmt.c.o
                0x00000000200012e4                m_nrf_log_pwr_mgmt_logs_data_dynamic
 .log_dynamic_data_sortlist
                0x00000000200012e8        0x4 _build/nrf52840_xxaa/nrf_sortlist.c.o
                0x00000000200012e8                m_nrf_log_sortlist_logs_data_dynamic
 .log_dynamic_data_stack_guard
                0x00000000200012ec        0x4 _build/nrf52840_xxaa/nrf_stack_guard.c.o
                0x00000000200012ec                m_nrf_log_stack_guard_logs_data_dynamic
                [!provide]                        PROVIDE (__stop_log_dynamic_data = .)

.log_filter_data
                0x00000000200012f0       0x60 load address 0x0000000000027034
                0x00000000200012f0                PROVIDE (__start_log_filter_data = .)
 *(SORT_BY_NAME(.log_filter_data*))
 .log_filter_data_CLOCK
                0x00000000200012f0        0x4 _build/nrf52840_xxaa/nrfx_clock.c.o
                0x00000000200012f0                m_nrf_log_CLOCK_logs_data_filter
 .log_filter_data_GPIOTE
                0x00000000200012f4        0x4 _build/nrf52840_xxaa/nrfx_gpiote.c.o
                0x00000000200012f4                m_nrf_log_GPIOTE_logs_data_filter
 .log_filter_data_UART
                0x00000000200012f8        0x4 _build/nrf52840_xxaa/nrfx_uart.c.o
                0x00000000200012f8                m_nrf_log_UART_logs_data_filter
 .log_filter_data_USBD
                0x00000000200012fc        0x4 _build/nrf52840_xxaa/nrfx_usbd.c.o
                0x00000000200012fc                m_nrf_log_USBD_logs_data_filter
 .log_filter_data_app
                0x0000000020001300        0x4 _build/nrf52840_xxaa/nrf_log_frontend.c.o
                0x0000000020001300                m_nrf_log_app_logs_data_filter
 .log_filter_data_app_button
                0x0000000020001304        0x4 _build/nrf52840_xxaa/app_button.c.o
                0x0000000020001304                m_nrf_log_app_button_logs_data_filter
 .log_filter_data_app_timer
                0x0000000020001308        0x4 _build/nrf52840_xxaa/app_timer2.c.o
                0x0000000020001308                m_nrf_log_app_timer_logs_data_filter
 .log_filter_data_app_timer_debounce_timer_id
                0x000000002000130c        0x4 _build/nrf52840_xxaa/button_handler.c.o
                0x000000002000130c                m_nrf_log_app_timer_debounce_timer_id_logs_data_filter
 .log_filter_data_app_timer_double_click_timer_id
                0x0000000020001310        0x4 _build/nrf52840_xxaa/button_handler.c.o
                0x0000000020001310                m_nrf_log_app_timer_double_click_timer_id_logs_data_filter
 .log_filter_data_app_timer_m_bsp_alert_tmr
                0x0000000020001314        0x4 _build/nrf52840_xxaa/bsp.c.o
                0x0000000020001314                m_nrf_log_app_timer_m_bsp_alert_tmr_logs_data_filter
 .log_filter_data_app_timer_m_bsp_button_tmr
                0x0000000020001318        0x4 _build/nrf52840_xxaa/bsp.c.o
                0x0000000020001318                m_nrf_log_app_timer_m_bsp_button_tmr_logs_data_filter
 .log_filter_data_app_timer_m_bsp_leds_tmr
                0x000000002000131c        0x4 _build/nrf52840_xxaa/bsp.c.o
                0x000000002000131c                m_nrf_log_app_timer_m_bsp_leds_tmr_logs_data_filter
 .log_filter_data_app_timer_m_detection_delay_timer_id
                0x0000000020001320        0x4 _build/nrf52840_xxaa/app_button.c.o
                0x0000000020001320                m_nrf_log_app_timer_m_detection_delay_timer_id_logs_data_filter
 .log_filter_data_app_usbd
                0x0000000020001324        0x4 _build/nrf52840_xxaa/app_usbd.c.o
                0x0000000020001324                m_nrf_log_app_usbd_logs_data_filter
 .log_filter_data_app_usbd_core
                0x0000000020001328        0x4 _build/nrf52840_xxaa/app_usbd_core.c.o
                0x0000000020001328                m_nrf_log_app_usbd_core_logs_data_filter
 .log_filter_data_atfifo_m_event_queue
                0x000000002000132c        0x4 _build/nrf52840_xxaa/app_usbd.c.o
                0x000000002000132c                m_nrf_log_atfifo_m_event_queue_logs_data_filter
 .log_filter_data_atfifo_m_req_fifo
                0x0000000020001330        0x4 _build/nrf52840_xxaa/app_timer2.c.o
                0x0000000020001330                m_nrf_log_atfifo_m_req_fifo_logs_data_filter
 .log_filter_data_balloc_log_mempool
                0x0000000020001334        0x4 _build/nrf52840_xxaa/nrf_log_frontend.c.o
                0x0000000020001334                m_nrf_log_balloc_log_mempool_logs_data_filter
 .log_filter_data_cdc_acm
                0x0000000020001338        0x4 _build/nrf52840_xxaa/app_usbd_cdc_acm.c.o
                0x0000000020001338                m_nrf_log_cdc_acm_logs_data_filter
 .log_filter_data_clock
                0x000000002000133c        0x4 _build/nrf52840_xxaa/nrf_drv_clock.c.o
                0x000000002000133c                m_nrf_log_clock_logs_data_filter
 .log_filter_data_hardfault
                0x0000000020001340        0x4 _build/nrf52840_xxaa/hardfault_implementation.c.o
                0x0000000020001340                m_nrf_log_hardfault_logs_data_filter
 .log_filter_data_pwr_mgmt
                0x0000000020001344        0x4 _build/nrf52840_xxaa/nrf_pwr_mgmt.c.o
                0x0000000020001344                m_nrf_log_pwr_mgmt_logs_data_filter
 .log_filter_data_sortlist
                0x0000000020001348        0x4 _build/nrf52840_xxaa/nrf_sortlist.c.o
                0x0000000020001348                m_nrf_log_sortlist_logs_data_filter
 .log_filter_data_stack_guard
                0x000000002000134c        0x4 _build/nrf52840_xxaa/nrf_stack_guard.c.o
                0x000000002000134c                m_nrf_log_stack_guard_logs_data_filter
                [!provide]                        PROVIDE (__stop_log_filter_data = .)

.bss            0x0000000020001350      0xd2c load address 0x0000000000027098
                0x0000000020001350                . = ALIGN (0x4)
                0x0000000020001350                __bss_start__ = .
 *(.bss*)
 .bss           0x0000000020001350       0x1c /usr/lib/gcc/arm-none-eabi/9.2.1/thumb/v7e-m+fp/hard/crtbegin.o
 .bss.m_clock_cb
                0x000000002000136c       0x14 _build/nrf52840_xxaa/nrf_drv_clock.c.o
 .bss.m_initialized
                0x0000000020001380        0x1 _build/nrf52840_xxaa/nrf_drv_power.c.o
 *fill*         0x0000000020001381        0x3 
 .bss.m_clock_cb
                0x0000000020001384        0x8 _build/nrf52840_xxaa/nrfx_clock.c.o
 .bss.m_pofwarn_handler
                0x000000002000138c        0x4 _build/nrf52840_xxaa/nrfx_power.c.o
 .bss.m_sleepevt_handler
                0x0000000020001390        0x4 _build/nrf52840_xxaa/nrfx_power.c.o
 .bss.m_usbevt_handler
                0x0000000020001394        0x4 _build/nrf52840_xxaa/nrfx_power.c.o
 .bss.m_cb      0x0000000020001398       0x2c _build/nrf52840_xxaa/nrfx_uart.c.o
 .bss.m_bus_suspend
                0x00000000200013c4        0x1 _build/nrf52840_xxaa/nrfx_usbd.c.o
 .bss.m_dma_pending
                0x00000000200013c5        0x1 _build/nrf52840_xxaa/nrfx_usbd.c.o
 .bss.m_drv_state
                0x00000000200013c6        0x1 _build/nrf52840_xxaa/nrfx_usbd.c.o
 *fill*         0x00000000200013c7        0x1 
 .bss.m_ep_dma_waiting
                0x00000000200013c8        0x4 _build/nrf52840_xxaa/nrfx_usbd.c.o
 .bss.m_ep_ready
                0x00000000200013cc        0x4 _build/nrf52840_xxaa/nrfx_usbd.c.o
 .bss.m_ep_state
                0x00000000200013d0      0x120 _build/nrf52840_xxaa/nrfx_usbd.c.o
 .bss.m_event_handler
                0x00000000200014f0        0x4 _build/nrf52840_xxaa/nrfx_usbd.c.o
 .bss.m_last_setup_dir
                0x00000000200014f4        0x1 _build/nrf52840_xxaa/nrfx_usbd.c.o
 *fill*         0x00000000200014f5        0x3 
 .bss.m_tx_buffer
                0x00000000200014f8       0x40 _build/nrf52840_xxaa/nrfx_usbd.c.o
 .bss.log_mempool_nrf_balloc_cb
                0x0000000020001538        0x8 _build/nrf52840_xxaa/nrf_log_frontend.c.o
 .bss.log_mempool_nrf_balloc_pool_mem
                0x0000000020001540       0xc0 _build/nrf52840_xxaa/nrf_log_frontend.c.o
 .bss.log_mempool_nrf_balloc_pool_stack
                0x0000000020001600        0x8 _build/nrf52840_xxaa/nrf_log_frontend.c.o
 .bss.m_log_data
                0x0000000020001608      0x420 _build/nrf52840_xxaa/nrf_log_frontend.c.o
 .bss.m_log_push_ringbuf_buf
                0x0000000020001a28       0x80 _build/nrf52840_xxaa/nrf_log_frontend.c.o
 .bss.m_log_push_ringbuf_cb
                0x0000000020001aa8       0x18 _build/nrf52840_xxaa/nrf_log_frontend.c.o
 .bss.gs_initialized
                0x0000000020001ac0        0x1 _build/nrf52840_xxaa/nrf_log_backend_usb.c.o
 *fill*         0x0000000020001ac1        0x3 
 .bss.gs_log_usb_cdc_acm_data
                0x0000000020001ac4       0x88 _build/nrf52840_xxaa/nrf_log_backend_usb.c.o
 .bss.gs_port_opened
                0x0000000020001b4c        0x1 _build/nrf52840_xxaa/nrf_log_backend_usb.c.o
 *fill*         0x0000000020001b4d        0x3 
 .bss.gs_string_buffer
                0x0000000020001b50       0x40 _build/nrf52840_xxaa/nrf_log_backend_usb.c.o
 .bss.gs_tx_done
                0x0000000020001b90        0x1 _build/nrf52840_xxaa/nrf_log_backend_usb.c.o
 *fill*         0x0000000020001b91        0x3 
 .bss.m_app_timer_sortlist_sortlist_cb
                0x0000000020001b94        0x4 _build/nrf52840_xxaa/app_timer2.c.o
 .bss.m_base_counter
                0x0000000020001b98        0x8 _build/nrf52840_xxaa/app_timer2.c.o
 .bss.m_global_active
                0x0000000020001ba0        0x1 _build/nrf52840_xxaa/app_timer2.c.o
 *fill*         0x0000000020001ba1        0x3 
 .bss.m_req_fifo_data
                0x0000000020001ba4       0x58 _build/nrf52840_xxaa/app_timer2.c.o
 *fill*         0x0000000020001bfc        0x4 
 .bss.m_stamp64
                0x0000000020001c00        0x8 _build/nrf52840_xxaa/app_timer2.c.o
 .bss.mp_active_timer
                0x0000000020001c08        0x4 _build/nrf52840_xxaa/app_timer2.c.o
 .bss.cx.13954  0x0000000020001c0c        0x4 _build/nrf52840_xxaa/app_usbd.c.o
 .bss.m_current_conf
                0x0000000020001c10        0xc _build/nrf52840_xxaa/app_usbd.c.o
 .bss.m_epin_conf
                0x0000000020001c1c       0x48 _build/nrf52840_xxaa/app_usbd.c.o
 .bss.m_epout_conf
                0x0000000020001c64       0x48 _build/nrf52840_xxaa/app_usbd.c.o
 .bss.m_event_frame
                0x0000000020001cac        0x2 _build/nrf52840_xxaa/app_usbd.c.o
 *fill*         0x0000000020001cae        0x2 
 .bss.m_event_queue_data
                0x0000000020001cb0      0x108 _build/nrf52840_xxaa/app_usbd.c.o
 .bss.m_p_first_cinst
                0x0000000020001db8        0x4 _build/nrf52840_xxaa/app_usbd.c.o
 .bss.m_p_first_sof_cinst
                0x0000000020001dbc        0x4 _build/nrf52840_xxaa/app_usbd.c.o
 .bss.m_p_first_sof_interrupt_cinst
                0x0000000020001dc0        0x4 _build/nrf52840_xxaa/app_usbd.c.o
 .bss.m_rwu_registered_counter
                0x0000000020001dc4        0x1 _build/nrf52840_xxaa/app_usbd.c.o
 *fill*         0x0000000020001dc5        0x3 
 .bss.m_sof_events_cnt
                0x0000000020001dc8        0x4 _build/nrf52840_xxaa/app_usbd.c.o
 .bss.m_sustate
                0x0000000020001dcc        0x1 _build/nrf52840_xxaa/app_usbd.c.o
 *fill*         0x0000000020001dcd        0x3 
 .bss.p_event_item.13955
                0x0000000020001dd0        0x4 _build/nrf52840_xxaa/app_usbd.c.o
 .bss.endpoints.13385
                0x0000000020001dd4        0x1 _build/nrf52840_xxaa/app_usbd_cdc_acm.c.o
 .bss.i.13352   0x0000000020001dd5        0x1 _build/nrf52840_xxaa/app_usbd_cdc_acm.c.o
 .bss.j.13386   0x0000000020001dd6        0x1 _build/nrf52840_xxaa/app_usbd_cdc_acm.c.o
 *fill*         0x0000000020001dd7        0x1 
 .bss.p_cur_iface.13355
                0x0000000020001dd8        0x4 _build/nrf52840_xxaa/app_usbd_cdc_acm.c.o
 .bss.app_usbd_core_inst_data
                0x0000000020001ddc        0xc _build/nrf52840_xxaa/app_usbd_core.c.o
 .bss.m_app_usbd_state
                0x0000000020001de8        0x1 _build/nrf52840_xxaa/app_usbd_core.c.o
 *fill*         0x0000000020001de9        0x3 
 .bss.m_descriptor_conf_feed_data
                0x0000000020001dec       0x18 _build/nrf52840_xxaa/app_usbd_core.c.o
 .bss.m_device_features_state
                0x0000000020001e04        0x1 _build/nrf52840_xxaa/app_usbd_core.c.o
 *fill*         0x0000000020001e05        0x3 
 .bss.m_ep0_handler_desc
                0x0000000020001e08        0x8 _build/nrf52840_xxaa/app_usbd_core.c.o
 .bss.m_rwu_pending
                0x0000000020001e10        0x4 _build/nrf52840_xxaa/app_usbd_core.c.o
 .bss.m_setup_transfer_buff
                0x0000000020001e14       0x40 _build/nrf52840_xxaa/app_usbd_core.c.o
 .bss.m_in_critical_region
                0x0000000020001e54        0x4 _build/nrf52840_xxaa/app_util_platform.c.o
 .bss.m_cb      0x0000000020001e58        0x8 _build/nrf52840_xxaa/drv_rtc.c.o
 .bss.m_handlers
                0x0000000020001e60        0x4 _build/nrf52840_xxaa/drv_rtc.c.o
 *fill*         0x0000000020001e64        0x4 
 .bss.m_cb      0x0000000020001e68       0x6c _build/nrf52840_xxaa/nrfx_gpiote.c.o
 .bss.debounce_timer